<1>[    0.000000,0] Booting Linux
<1>[    0.000000,0]  BIOS-e820: 0000000000000100 - 0000000000098000 (usable)
<1>[    0.000000,0]  BIOS-e820: 0000000000100000 - 0000000000e00000 (usable)
<1>[    0.000000,0]  BIOS-e820: 0000000000e00000 - 0000000001000000 (reserved)
<1>[    0.000000,0]  BIOS-e820: 0000000001000000 - 0000000036ff0000 (usable)
<1>[    0.000000,0]  BIOS-e820: 0000000036ff0000 - 00000000378fd000 (reserved)
<1>[    0.000000,0]  BIOS-e820: 00000000378fd400 - 000000003eeff400 (usable)
<1>[    0.000000,0]  BIOS-e820: 000000003ef00000 - 0000000040000000 (reserved)
<1>[    0.000000,0]  BIOS-e820: 00000000fec00000 - 00000000fec01000 (reserved)
<1>[    0.000000,0]  BIOS-e820: 00000000fee00000 - 00000000fee01000 (reserved)
<1>[    0.000000,0]  BIOS-e820: 00000000ff000000 - 0000000100000000 (reserved)
<1>[    0.000000,0] kmemleak: Kernel memory leak detector disabled
<1>[    0.000000,0] Notice: NX (Execute Disable) protection cannot be enabled: non-PAE kernel!
<1>[    0.000000,0] DMI 2.6 present.
<1>[    0.000000,0] DMI: Intel Corporation Medfield/Medfield, BIOS 195 2012.06.19:16.55.09
<1>[    0.000000,0] e820 update range: 0000000000000000 - 0000000000010000 (usable) ==> (reserved)
<1>[    0.000000,0] e820 remove range: 00000000000a0000 - 0000000000100000 (usable)
<1>[    0.000000,0] last_pfn = 0x3eeff max_arch_pfn = 0x100000
<1>[    0.000000,0] MTRR default type: uncachable
<1>[    0.000000,0] MTRR fixed ranges enabled:
<1>[    0.000000,0]   00000-9FFFF write-back
<1>[    0.000000,0]   A0000-BFFFF uncachable
<1>[    0.000000,0]   C0000-FFFFF write-back
<1>[    0.000000,0] MTRR variable ranges enabled:
<1>[    0.000000,0]   0 base 000000000 mask FC0000000 write-back
<1>[    0.000000,0]   1 base 03F000000 mask FFF000000 uncachable
<1>[    0.000000,0]   2 disabled
<1>[    0.000000,0]   3 disabled
<1>[    0.000000,0]   4 disabled
<1>[    0.000000,0]   5 disabled
<1>[    0.000000,0]   6 disabled
<1>[    0.000000,0]   7 disabled
<1>[    0.000000,0] x86 PAT enabled: cpu 0, old 0x7010600070106, new 0x7010600070106
<1>[    0.000000,0] original variable MTRRs
<1>[    0.000000,0] reg 0, base: 0GB, range: 1GB, type WB
<1>[    0.000000,0] reg 1, base: 1008MB, range: 16MB, type UC
<1>[    0.000000,0] total RAM covered: 1008M
<1>[    0.000000,0] Found optimal setting for mtrr clean up
<1>[    0.000000,0]  gran_size: 64K 	chunk_size: 32M 	num_reg: 2  	lose cover RAM: 0G
<1>[    0.000000,0] New variable MTRRs
<1>[    0.000000,0] reg 0, base: 0GB, range: 1GB, type WB
<1>[    0.000000,0] reg 1, base: 1008MB, range: 16MB, type UC
<1>[    0.000000,0] initial memory mapped : 0 - 02400000
<1>[    0.000000,0] Base memory trampoline at [c0097000] 97000 size 4096
<1>[    0.000000,0] init_memory_mapping: 0000000000000000-000000002f7fe000
<1>[    0.000000,0]  0000000000 - 0000400000 page 4k
<1>[    0.000000,0]  0000400000 - 002f400000 page 2M
<1>[    0.000000,0]  002f400000 - 002f7fe000 page 4k
<1>[    0.000000,0] kernel direct mapping tables up to 2f7fe000 @ 23fb000-2400000
<1>[    0.000000,0] RAMDISK: 3ec7f000 - 3eeff000
<1>[    0.000000,0] Allocated new RAMDISK: 2f57e000 - 2f7fdc0d
<1>[    0.000000,0] Move RAMDISK from 000000003ec7f000 - 000000003eefec0c to 2f57e000 - 2f7fdc0c
<1>[    0.000000,0] 247MB HIGHMEM available.
<1>[    0.000000,0] 759MB LOWMEM available.
<1>[    0.000000,0]   mapped low ram: 0 - 2f7fe000
<1>[    0.000000,0]   low ram: 0 - 2f7fe000
<1>[    0.000000,0] Zone PFN ranges:
<1>[    0.000000,0]   DMA      0x00000010 -> 0x00001000
<1>[    0.000000,0]   Normal   0x00001000 -> 0x0002f7fe
<1>[    0.000000,0]   HighMem  0x0002f7fe -> 0x0003eeff
<1>[    0.000000,0] Movable zone start PFN for each node
<1>[    0.000000,0] early_node_map[4] active PFN ranges
<1>[    0.000000,0]     0: 0x00000010 -> 0x00000098
<1>[    0.000000,0]     0: 0x00000100 -> 0x00000e00
<1>[    0.000000,0]     0: 0x00001000 -> 0x00036ff0
<1>[    0.000000,0]     0: 0x000378fe -> 0x0003eeff
<1>[    0.000000,0] On node 0 totalpages: 254841
<1>[    0.000000,0] free_area_init_node: node 0, pgdat c1c60d00, node_mem_map eed9d200
<1>[    0.000000,0]   DMA zone: 32 pages used for memmap
<1>[    0.000000,0]   DMA zone: 0 pages reserved
<1>[    0.000000,0]   DMA zone: 3432 pages, LIFO batch:0
<1>[    0.000000,0]   Normal zone: 1488 pages used for memmap
<1>[    0.000000,0]   Normal zone: 188974 pages, LIFO batch:31
<1>[    0.000000,0]   HighMem zone: 495 pages used for memmap
<1>[    0.000000,0]   HighMem zone: 60420 pages, LIFO batch:15
<1>[    0.000000,0] Using APIC driver default
<1>[    0.000000,0] SFI: Simple Firmware Interface v0.81 http://simplefirmware.org
<1>[    0.000000,0] SFI: SYST E01F0, 0088 (v1  INTEL INTELFDK)
<1>[    0.000000,0] SFI: CPUS E0294, 0020 (v1  INTEL INTELFDK)
<1>[    0.000000,0] SFI: FREQ E02C0, 006C (v1  INTEL INTELFDK)
<1>[    0.000000,0] SFI: MMAP E0338, 01EC (v1  INTEL INTELFDK)
<1>[    0.000000,0] SFI: XSDT E0540, 002C (v1  INTEL INTELFDK)
<1>[    0.000000,0] SFI: APIC E05C0, 0020 (v1  INTEL INTELFDK)
<1>[    0.000000,0] SFI: MTMR E05EC, 0038 (v2  INTEL INTELFDK)
<1>[    0.000000,0] SFI: MRTC E0630, 0024 (v1  INTEL INTELFDK)
<1>[    0.000000,0] SFI: WAKE E0660, 0020 (v2  INTEL INTELFDK)
<1>[    0.000000,0] SFI: DEVS E0694, 031F (v1  INTEL INTELFDK)
<1>[    0.000000,0] SFI: GPIO E09BF, 0612 (v1  INTEL INTELFDK)
<1>[    0.000000,0] SFI: OEMB E0FDD, 0040 (v4 UMGFDK CFGINFO!)
<1>[    0.000000,0] SFI: OEM0 E1029, 0068 (v4 ENZO   BATTCHRG)
<1>[    0.000000,0] SFI: OEM1 E109D, 00E0 (v1 ENZO   BATTINFO)
<1>[    0.000000,0] SFI: OEMR E1189, 001C (v1 ENZO   REV ID  )
<1>[    0.000000,0] SFI: registering lapic[0]
<1>[    0.000000,0] SFI: registering lapic[1]
<1>[    0.000000,0] IOAPIC[0]: apic_id 0, version 32, address 0xfec00000, GSI 0-68
<1>[    0.000000,0] SMP: Allowing 2 CPUs, 0 hotplug CPUs
<1>[    0.000000,0] nr_irqs_gsi: 85
<1>[    0.000000,0] Allocating PCI resources starting at 40000000 (gap: 40000000:bec00000)
<1>[    0.000000,0] setup_percpu: NR_CPUS:2 nr_cpumask_bits:2 nr_cpu_ids:2 nr_node_ids:1
<1>[    0.000000,0] PERCPU: Embedded 12 pages/cpu @eed40000 s25472 r0 d23680 u131072
<1>[    0.000000,0] pcpu-alloc: s25472 r0 d23680 u131072 alloc=1*262144
<1>[    0.000000,0] pcpu-alloc: [0] 0 1 
<1>[    0.000000,0] Built 1 zonelists in Zone order, mobility grouping on.  Total pages: 252826
<1>[    0.000000,0] Kernel command line: init=/init pci=noearly console=ttyMFD3 console=logk0 vmalloc=260046848 earlyprintk=nologger loglevel=4 hsu_dma=7 kmemleak=off ptrace.ptrace_can_access=1 androidboot.bootmedia=sdcard androidboot.hardware=sc1 androidboot.mode=main androidboot.wakesrc=0x00000080 androidboot.bootloader=0x2002 androidboot.serialno=LSJE280153
<1>[    0.000000,0] PID hash table entries: 4096 (order: 2, 16384 bytes)
<1>[    0.000000,0] Dentry cache hash table entries: 131072 (order: 7, 524288 bytes)
<1>[    0.000000,0] Inode-cache hash table entries: 65536 (order: 6, 262144 bytes)
<1>[    0.000000,0] Initializing CPU#0
<1>[    0.000000,0] allocated 4124400 bytes of page_cgroup
<1>[    0.000000,0] please try 'cgroup_disable=memory' option if you don't want memory cgroups
<1>[    0.000000,0] Initializing HighMem for node 0 (0002f7fe:0003eeff)
<1>[    0.000000,0] Memory: 987840k/1031164k available (7656k kernel code, 31524k reserved, 3102k data, 516k init, 243660k highmem)
<1>[    0.000000,0] virtual kernel memory layout:
<1>[    0.000000,0]     fixmap  : 0xfff8e000 - 0xfffff000   ( 452 kB)
<1>[    0.000000,0]     pkmap   : 0xff800000 - 0xffc00000   (4096 kB)
<1>[    0.000000,0]     vmalloc : 0xefffe000 - 0xff7fe000   ( 248 MB)
<1>[    0.000000,0]     lowmem  : 0xc0000000 - 0xef7fe000   ( 759 MB)
<1>[    0.000000,0]       .init : 0xc1c82000 - 0xc1d03000   ( 516 kB)
<1>[    0.000000,0]       .data : 0xc197a2a6 - 0xc1c81e80   (3102 kB)
<1>[    0.000000,0]       .text : 0xc1200000 - 0xc197a2a6   (7656 kB)
<1>[    0.000000,0] Checking if this processor honours the WP bit even in supervisor mode...Ok.
<1>[    0.000000,0] SLUB: Genslabs=15, HWalign=64, Order=0-3, MinObjects=0, CPUs=2, Nodes=1
<1>[    0.000000,0] Preemptible hierarchical RCU implementation.
<1>[    0.000000,0] NR_IRQS:2304 nr_irqs:512 16
<1>[    0.000000,0] CPU 0 irqstacks, hard=ee40c000 soft=ee40e000
<1>[    0.000000,0] vRTC: sec: 47 min: 7 hour: 2 day: 7 mon: 7 year: 2012
<1>[    0.000000,0] Console: colour dummy device 80x25
<1>[    0.000000,0] register logcat console
<1>[    0.000000,0] console [logk0] enabled
<1>[    0.000000,0] Detected 1996.800 MHz processor.
<1>[    0.000007,0] Calibrating delay loop (skipped), value calculated using timer frequency.. 
<1>3993.60 BogoMIPS (lpj=1996800)
<1>[    0.000022,0] pid_max: default: 32768 minimum: 301
<1>[    0.000121,0] Mount-cache hash table entries: 512
<1>[    0.000463,0] Initializing cgroup subsys cpuacct
<1>[    0.000486,0] Initializing cgroup subsys memory
<1>[    0.000515,0] Initializing cgroup subsys devices
<1>[    0.000523,0] Initializing cgroup subsys freezer
<1>[    0.000530,0] Initializing cgroup subsys blkio
<1>[    0.000548,0] Initializing cgroup subsys perf_event
<1>[    0.000610,0] CPU: Physical Processor ID: 0
<1>[    0.000617,0] CPU: Processor Core ID: 0
<1>[    0.000625,0] mce: CPU supports 5 MCE banks
<1>[    0.000641,0] CPU0: Thermal LVT vector (0xfa) already installed
<1>[    0.000651,0] using mwait in idle threads.
<1>[    0.000856,0] SFI: MCFG E0578, 003C (v1  INTEL INTELFDK)
<1>[    0.000870,0] ftrace: allocating 23381 entries in 46 pages
<1>[    0.014059,0] Enabling APIC mode:  Flat.  Using 1 I/O APICs
<1>[    0.014116,0] CPU0: 
<1>Intel(R) Atom(TM) CPU Z2480  @ 2.00GHz
<1> stepping 02
<1>[    0.014137,0] Performance Events: 
<1>PEBS fmt0+, 
<1>generic architected perfmon, 
<1>Intel PMU driver.
<1>[    0.014167,0] ... version:                3
<1>[    0.014172,0] ... bit width:              40
<1>[    0.014178,0] ... generic registers:      2
<1>[    0.014184,0] ... value mask:             000000ffffffffff
<1>[    0.014190,0] ... max period:             000000007fffffff
<1>[    0.014195,0] ... fixed-purpose events:   3
<1>[    0.014201,0] ... event mask:             0000000700000003
<1>[    0.020346,0] NMI watchdog enabled, takes one hw-pmu counter.
<1>[    0.026203,0] CPU 1 irqstacks, hard=ee4d8000 soft=ee4da000
<1>[    0.026218,0] Booting Node   0, Processors 
<1> #1 Ok.
<1>[    0.026229,0] smpboot cpu 1: start_ip = 97000
<1>[    0.036328,1] Initializing CPU#1
<1>[    0.097029,1] CPU1: Thermal LVT vector (0xfa) already installed
<1>[    0.117178,0] NMI watchdog enabled, takes one hw-pmu counter.
<1>[    0.118992,0] Brought up 2 CPUs
<1>[    0.119021,0] Total of 2 processors activated (7987.23 BogoMIPS).
<1>[    0.123460,0] SFI: SFI sysfs interfaces init success
<1>[    0.123667,0] print_constraints: dummy: 
<1>[    0.123819,0] NET: Registered protocol family 16
<1>[    0.124325,0] MFLD Validation SFI OEMB Layout
<1>[    0.124369,0] 	OEMB signature               : OEMB
<1>[    0.124373,0] 	OEMB length                  : 64
<1>[    0.124376,0] 	OEMB revision                : 4
<1>[    0.124378,0] 	OEMB checksum                : 0x1E
<1>[    0.124381,0] 	OEMB oem_id                  : UMGFDK
<1>[    0.124384,0] 	OEMB oem_table_id            : CFGINFO!
<1>[    0.124387,0] 	OEMB board_id                : 0xFF
<1>[    0.124389,0] 	OEMB iafw version            : 001.019
<1>[    0.124392,0] 	OEMB val_hooks version       : 066.012
<1>[    0.124395,0] 	OEMB ia suppfw version       : 001.019
<1>[    0.124398,0] 	OEMB scu runtime version     : 218.021
<1>[    0.124401,0] 	OEMB ifwi version            : 066.016
<1>[    0.124404,0] 	OEMB spid customer id        : ffff
<1>[    0.124406,0] 	OEMB spid vendor id          : ffff
<1>[    0.124409,0] 	OEMB spid manufacturer id    : ffff
<1>[    0.124412,0] 	OEMB spid platform family id : ffff
<1>[    0.124415,0] 	OEMB spid product line id    : ffff
<1>[    0.124417,0] 	OEMB spid hardware id        : ffff
<1>[    0.124420,0] 	OEMB spid fru[4..0]          : ff ff ff ff ff
<1>[    0.124423,0] 	OEMB spid fru[9..5]          : ff ff ff ff ff
<1>[    0.124466,0] GPIO pin info:
<1>[    0.124487,0] info[ 0]: controller =        msic_gpio, pin_name =   msic_gpio_base, pin = 192
<1>[    0.124509,0] info[ 1]: controller =   penwell_gpio_1, pin_name =         BT-reset, pin = 170
<1>[    0.124529,0] info[ 2]: controller =   penwell_gpio_0, pin_name =      WLAN-enable, pin = 75
<1>[    0.124549,0] info[ 3]: controller =   penwell_gpio_0, pin_name =   WLAN-interrupt, pin = 2
<1>[    0.124570,0] info[ 4]: controller =   penwell_gpio_1, pin_name =     R69320_reset, pin = 128
<1>[    0.124590,0] info[ 5]: controller =   penwell_gpio_0, pin_name =           ts_int, pin = 62
<1>[    0.124610,0] info[ 6]: controller =   penwell_gpio_1, pin_name =       NFC-enable, pin = 114
<1>[    0.124630,0] info[ 7]: controller =   penwell_gpio_1, pin_name =        NFC-reset, pin = 116
<1>[    0.124650,0] info[ 8]: controller =   penwell_gpio_0, pin_name =         NFC-intr, pin = 76
<1>[    0.124671,0] info[ 9]: controller =   penwell_gpio_0, pin_name =     ifx_mdm_mrdy, pin = 42
<1>[    0.124691,0] info[10]: controller =   penwell_gpio_0, pin_name =     ifx_mdm_srdy, pin = 49
<1>[    0.124711,0] info[11]: controller =   penwell_gpio_1, pin_name =   ifx_mdm_pwr_on, pin = 113
<1>[    0.124732,0] info[12]: controller =   penwell_gpio_1, pin_name =  ifx_mdm_rst_pmu, pin = 174
<1>[    0.124752,0] info[13]: controller =   penwell_gpio_0, pin_name =  ifx_mdm_rst_out, pin = 74
<1>[    0.124773,0] info[14]: controller =   penwell_gpio_0, pin_name =   ifx_mdm_tx_pwr, pin = 12
<1>[    0.124793,0] info[15]: controller =   penwell_gpio_0, pin_name =      modem-gpio1, pin = 44
<1>[    0.124813,0] info[16]: controller =   penwell_gpio_0, pin_name =      modem-gpio2, pin = 45
<1>[    0.124833,0] info[17]: controller =   penwell_gpio_1, pin_name =           ts_rst, pin = 129
<1>[    0.124853,0] info[18]: controller =   penwell_gpio_0, pin_name =         max17042, pin = 51
<1>[    0.124874,0] info[19]: controller =   penwell_gpio_1, pin_name =   GP_FLASH_RESET, pin = 162
<1>[    0.124894,0] info[20]: controller =   penwell_gpio_1, pin_name =  GP_FLASH_STROBE, pin = 161
<1>[    0.124914,0] info[21]: controller =   penwell_gpio_0, pin_name =   GP_FLASH_TORCH, pin = 33
<1>[    0.124935,0] info[22]: controller =   penwell_gpio_0, pin_name =         gyro_int, pin = 56
<1>[    0.124955,0] info[23]: controller =   penwell_gpio_0, pin_name =        cam_focus, pin = 36
<1>[    0.124993,0] info[24]: controller =   penwell_gpio_0, pin_name =      cam_capture, pin = 43
<1>[    0.125015,0] info[25]: controller =   penwell_gpio_1, pin_name =        usbsw_sel, pin = 169
<1>[    0.125035,0] info[26]: controller =   penwell_gpio_0, pin_name =        accel_int, pin = 60
<1>[    0.125056,0] info[27]: controller =   penwell_gpio_0, pin_name =          accel_2, pin = 61
<1>[    0.125076,0] info[28]: controller =   penwell_gpio_0, pin_name =     als_prox_int, pin = 63
<1>[    0.125096,0] info[29]: controller =   penwell_gpio_0, pin_name =           vol_up, pin = 32
<1>[    0.125118,0] info[30]: controller =   penwell_gpio_0, pin_name =         vol_down, pin = 31
<1>[    0.125144,0] info[31]: controller =   penwell_gpio_1, pin_name =      max3111_int, pin = 145
<1>[    0.125166,0] info[32]: controller =   penwell_gpio_1, pin_name =        emmc0_rst, pin = 117
<1>[    0.125186,0] info[33]: controller =   penwell_gpio_0, pin_name =         ocd_gpio, pin = 30
<1>[    0.125206,0] info[34]: controller =   penwell_gpio_1, pin_name =     cam0_vcm_2p8, pin = 109
<1>[    0.125226,0] info[35]: controller =   penwell_gpio_1, pin_name =  audience-wakeup, pin = 159
<1>[    0.125246,0] info[36]: controller =   penwell_gpio_1, pin_name =   audience-reset, pin = 111
<1>[    0.125267,0] info[37]: controller =   penwell_gpio_0, pin_name =   audience-gpioa, pin = 3
<1>[    0.125287,0] info[38]: controller =   penwell_gpio_1, pin_name =   camera_0_reset, pin = 177
<1>[    0.125307,0] info[39]: controller =   penwell_gpio_1, pin_name =   camera_1_power, pin = 176
<1>[    0.125327,0] info[40]: controller =   penwell_gpio_1, pin_name =   camera_1_reset, pin = 178
<1>[    0.125346,0] info[41]: controller =   penwell_gpio_0, pin_name =    gyro_drdy_int, pin = 34
<1>[    0.125366,0] info[42]: controller =   penwell_gpio_1, pin_name =     fact_cbl_det, pin = 112
<1>[    0.125386,0] info[43]: controller =   penwell_gpio_1, pin_name =         one_wire, pin = 144
<1>[    0.125407,0] info[44]: controller =   penwell_gpio_1, pin_name =          mag_int, pin = 175
<1>[    0.125452,0] IPC bus = 0, name =         msic_adc, irq = 0x10
<1>[    0.125491,0] IPC bus = 0, name =     msic_battery, irq = 0x11
<1>[    0.125528,0] IPC bus = 0, name =        msic_gpio, irq = 0x12
<1>[    0.125566,0] IPC bus = 0, name =       msic_audio, irq = 0x13
<1>[    0.125779,0] IPC bus = 0, name =   msic_power_btn, irq = 0x43
<1>[    0.125808,0] IPC bus = 0, name =         msic_ocd, irq = 0xff
<1>[    0.125837,0] SPI bus = 0, name =      spi_max3111, irq = 0x 0, max_freq = 3125000, cs = 1
<1>[    0.125864,0] I2C bus = 0, name =        atmxt-i2c, irq = 0x 0, addr = 0x4a
<1>[    0.125890,0] I2C bus = 2, name =            pn544, irq = 0x 0, addr = 0x28
<1>[    0.125917,0] I2C bus = 4, name =          mt9e013, irq = 0x 0, addr = 0x36
<1>[    0.125945,0] SDIO bus = 1, name =  wl12xx_clk_vmmc, ref_clock = 26000000, addr =0x401
<1>[    0.125983,0] HSI bus = 0, name =    hsi_ifx_modem, port = 0
<1>[    0.126006,0] HSI platform data setup
<1>[    0.126025,0] HSI mdm GPIOs rst_out:74, pwr_on:113, rst_bbn:174, fcdp_rb:45
<1>[    0.126044,0] SFI register platform data for HSI device hsi_ifx_modem
<1>[    0.126065,0] I2C bus = 1, name =         max17042, irq = 0x 0, addr = 0x36
<1>[    0.126085,0] valid battery detected
<1>[    0.126107,0] I2C bus = 4, name =           ov7736, irq = 0x 0, addr = 0x3c
<1>[    0.126136,0] I2C bus = 4, name =           lm2755, irq = 0x 0, addr = 0x67
<1>[    0.126160,0] I2C bus = 4, name =           lm3556, irq = 0x 0, addr = 0x63
<1>[    0.126858,0] mid_pci_init is called
<1>[    0.127846,0] PCI: Using configuration type 1 for base access
<1>[    0.134905,1] bio: create slab <bio-0> at 0
<1>[    0.135268,1] vgaarb: loaded
<1>[    0.135385,1] usbcore: registered new interface driver usbfs
<1>[    0.135443,1] usbcore: registered new interface driver hub
<1>[    0.135558,1] usbcore: registered new device driver usb
<1>[    0.135832,1] Advanced Linux Sound Architecture Driver Version 1.0.24.
<1>[    0.135841,1] Moorestown platform detected, using MRST PCI ops
<1>[    0.135858,1] PCI: MMCONFIG for domain 0000 [bus 00-00] at [mem 0x3ef00000-0x3effffff] (base 0x3ef00000)
<1>[    0.135869,1] PCI: MMCONFIG at [mem 0x3ef00000-0x3effffff] reserved in E820
<1>[    0.135875,1] PCI: Using MMCONFIG for extended config space
<1>[    0.135881,1] PCI: Probing PCI hardware
<1>[    0.135889,1] PCI: Probing PCI hardware (bus 00)
<1>[    0.136020,1] pci 0000:00:00.0: [8086:0140] type 0 class 0x000600
<1>[    0.136123,1] pci 0000:00:00.1: [8086:0801] type 0 class 0x000780
<1>[    0.136151,1] pci 0000:00:00.1: reg 10: [mem 0xff128000-0xff1283ff]
<1>[    0.136228,1] pci 0000:00:00.1: PME# supported from D0 D3hot
<1>[    0.136239,1] pci 0000:00:00.1: PME# disabled
<1>[    0.136267,1] pci 0000:00:00.2: [8086:0800] type 0 class 0x000780
<1>[    0.136293,1] pci 0000:00:00.2: reg 10: [mem 0xff128400-0xff1287ff]
<1>[    0.136367,1] pci 0000:00:00.2: PME# supported from D0 D3hot
<1>[    0.136377,1] pci 0000:00:00.2: PME# disabled
<1>[    0.136404,1] pci 0000:00:00.3: [8086:082c] type 0 class 0x000780
<1>[    0.136428,1] pci 0000:00:00.3: reg 10: [mem 0xff12a000-0xff12a3ff]
<1>[    0.136503,1] pci 0000:00:00.3: PME# supported from D0 D3hot
<1>[    0.136512,1] pci 0000:00:00.3: PME# disabled
<1>[    0.136539,1] pci 0000:00:00.4: [8086:082d] type 0 class 0x000780
<1>[    0.136564,1] pci 0000:00:00.4: reg 10: [mem 0xff12a400-0xff12a7ff]
<1>[    0.136638,1] pci 0000:00:00.4: PME# supported from D0 D3hot
<1>[    0.136647,1] pci 0000:00:00.4: PME# disabled
<1>[    0.136674,1] pci 0000:00:00.5: [8086:082e] type 0 class 0x000780
<1>[    0.136699,1] pci 0000:00:00.5: reg 10: [mem 0xff12a800-0xff12abff]
<1>[    0.136772,1] pci 0000:00:00.5: PME# supported from D0 D3hot
<1>[    0.136782,1] pci 0000:00:00.5: PME# disabled
<1>[    0.136811,1] pci 0000:00:01.0: [8086:0823] type 0 class 0x000805
<1>[    0.136836,1] pci 0000:00:01.0: reg 10: [mem 0xffa50000-0xffa500ff]
<1>[    0.136909,1] pci 0000:00:01.0: PME# supported from D0 D3hot
<1>[    0.136919,1] pci 0000:00:01.0: PME# disabled
<1>[    0.136953,1] pci 0000:00:01.3: [8086:082f] type 0 class 0x000401
<1>[    0.136980,1] pci 0000:00:01.3: reg 10: [mem 0xffae6400-0xffae67ff]
<1>[    0.136997,1] pci 0000:00:01.3: reg 14: [mem 0xffae8000-0xffaeffff]
<1>[    0.137013,1] pci 0000:00:01.3: reg 18: [mem 0xffff1000-0xffff2fff]
<1>[    0.137029,1] pci 0000:00:01.3: reg 1c: [mem 0xffb00000-0xffb7ffff]
<1>[    0.137045,1] pci 0000:00:01.3: reg 20: [mem 0xffb80000-0xffbfffff]
<1>[    0.137089,1] pci 0000:00:01.3: PME# supported from D0 D3hot
<1>[    0.137111,1] pci 0000:00:01.3: PME# disabled
<1>[    0.137141,1] pci 0000:00:01.4: [8086:0825] type 0 class 0x000880
<1>[    0.137166,1] pci 0000:00:01.4: reg 10: [mem 0xffae6000-0xffae63ff]
<1>[    0.137240,1] pci 0000:00:01.4: PME# supported from D0 D3hot
<1>[    0.137250,1] pci 0000:00:01.4: PME# disabled
<1>[    0.137277,1] pci 0000:00:01.5: [8086:0826] type 0 class 0x001080
<1>[    0.137302,1] pci 0000:00:01.5: reg 10: [mem 0xff0d0000-0xff0dffff]
<1>[    0.137385,1] pci 0000:00:01.5: supports D2
<1>[    0.137393,1] pci 0000:00:01.5: PME# supported from D0 D3hot
<1>[    0.137402,1] pci 0000:00:01.5: PME# disabled
<1>[    0.137431,1] pci 0000:00:01.7: [8086:082a] type 0 class 0x000b40
<1>[    0.137456,1] pci 0000:00:01.7: reg 10: [mem 0xff11c000-0xff11c3ff]
<1>[    0.137530,1] pci 0000:00:01.7: PME# supported from D0 D3hot
<1>[    0.137540,1] pci 0000:00:01.7: PME# disabled
<1>[    0.137571,1] pci 0000:00:02.0: [8086:0130] type 0 class 0x000300
<1>[    0.137599,1] pci 0000:00:02.0: reg 10: [mem 0xdff00000-0xdfffffff]
<1>[    0.137616,1] pci 0000:00:02.0: reg 14: [io  0x7ff8-0x7fff]
<1>[    0.137634,1] pci 0000:00:02.0: reg 18: [mem 0x40000000-0x4fffffff]
<1>[    0.137651,1] pci 0000:00:02.0: reg 1c: [mem 0xdfec0000-0xdfefffff]
<1>[    0.137732,1] pci 0000:00:02.1: [8086:081f] type 0 class 0x000880
<1>[    0.137757,1] pci 0000:00:02.1: reg 10: [mem 0xff12c000-0xff12c7ff]
<1>[    0.137774,1] pci 0000:00:02.1: reg 14: [mem 0x000f4930-0x000f493f]
<1>[    0.137840,1] pci 0000:00:02.1: PME# supported from D0 D3hot
<1>[    0.137850,1] pci 0000:00:02.1: PME# disabled
<1>[    0.137877,1] pci 0000:00:02.2: [8086:0828] type 0 class 0x000b40
<1>[    0.137902,1] pci 0000:00:02.2: reg 10: [mem 0xff11d000-0xff11dfff]
<1>[    0.137978,1] pci 0000:00:02.2: PME# supported from D0 D3hot
<1>[    0.137989,1] pci 0000:00:02.2: PME# disabled
<1>[    0.138017,1] pci 0000:00:02.3: [8086:0829] type 0 class 0x000c03
<1>[    0.138041,1] pci 0000:00:02.3: reg 10: [mem 0xffa60000-0xffa7ffff]
<1>[    0.138058,1] pci 0000:00:02.3: reg 14: [mem 0xffff8000-0xffffbfff]
<1>[    0.138145,1] pci 0000:00:02.3: supports D1
<1>[    0.138154,1] pci 0000:00:02.3: PME# supported from D0 D3hot
<1>[    0.138164,1] pci 0000:00:02.3: PME# disabled
<1>[    0.138191,1] pci 0000:00:02.4: [8086:0812] type 0 class 0x000780
<1>[    0.138217,1] pci 0000:00:02.4: reg 10: [mem 0xff128800-0xff128bff]
<1>[    0.138290,1] pci 0000:00:02.4: PME# supported from D0 D3hot
<1>[    0.138300,1] pci 0000:00:02.4: PME# disabled
<1>[    0.138332,1] pci 0000:00:02.5: [8086:0827] type 0 class 0x000880
<1>[    0.138358,1] pci 0000:00:02.5: reg 10: [mem 0xff12b800-0xff12bfff]
<1>[    0.138431,1] pci 0000:00:02.5: PME# supported from D0 D3hot
<1>[    0.138441,1] pci 0000:00:02.5: PME# disabled
<1>[    0.138468,1] pci 0000:00:02.6: [8086:0830] type 0 class 0x000880
<1>[    0.138494,1] pci 0000:00:02.6: reg 10: [mem 0xffaf0000-0xffaf7fff]
<1>[    0.138567,1] pci 0000:00:02.6: PME# supported from D0 D3hot
<1>[    0.138577,1] pci 0000:00:02.6: PME# disabled
<1>[    0.138604,1] pci 0000:00:02.7: [8086:0832] type 0 class 0x000880
<1>[    0.138629,1] pci 0000:00:02.7: reg 10: [mem 0xffae5800-0xffae5bff]
<1>[    0.138701,1] pci 0000:00:02.7: PME# supported from D0 D3hot
<1>[    0.138711,1] pci 0000:00:02.7: PME# disabled
<1>[    0.138740,1] pci 0000:00:03.0: [8086:0148] type 0 class 0x000480
<1>[    0.138765,1] pci 0000:00:03.0: reg 10: [mem 0xdf800000-0xdfbfffff]
<1>[    0.138868,1] pci 0000:00:03.2: [8086:0817] type 0 class 0x000780
<1>[    0.138893,1] pci 0000:00:03.2: reg 10: [mem 0xff12ac00-0xff12afff]
<1>[    0.138973,1] pci 0000:00:03.2: PME# supported from D0 D3hot
<1>[    0.138984,1] pci 0000:00:03.2: PME# disabled
<1>[    0.139012,1] pci 0000:00:03.3: [8086:0818] type 0 class 0x000780
<1>[    0.139037,1] pci 0000:00:03.3: reg 10: [mem 0xff12b000-0xff12b3ff]
<1>[    0.139122,1] pci 0000:00:03.3: PME# supported from D0 D3hot
<1>[    0.139133,1] pci 0000:00:03.3: PME# disabled
<1>[    0.139162,1] pci 0000:00:03.4: [8086:0819] type 0 class 0x000780
<1>[    0.139187,1] pci 0000:00:03.4: reg 10: [mem 0xff12b400-0xff12b7ff]
<1>[    0.139261,1] pci 0000:00:03.4: PME# supported from D0 D3hot
<1>[    0.139270,1] pci 0000:00:03.4: PME# disabled
<1>[    0.139298,1] pci 0000:00:03.5: [8086:081a] type 0 class 0x000880
<1>[    0.139322,1] pci 0000:00:03.5: reg 10: [mem 0xff12c800-0xff12cfff]
<1>[    0.139339,1] pci 0000:00:03.5: reg 14: [mem 0x000f4940-0x000f494f]
<1>[    0.139405,1] pci 0000:00:03.5: PME# supported from D0 D3hot
<1>[    0.139415,1] pci 0000:00:03.5: PME# disabled
<1>[    0.139446,1] pci 0000:00:04.0: [8086:0820] type 0 class 0x000805
<1>[    0.139471,1] pci 0000:00:04.0: reg 10: [mem 0xffa58000-0xffa580ff]
<1>[    0.139543,1] pci 0000:00:04.0: PME# supported from D0 D3hot
<1>[    0.139553,1] pci 0000:00:04.0: PME# disabled
<1>[    0.139580,1] pci 0000:00:04.1: [8086:0821] type 0 class 0x000805
<1>[    0.139605,1] pci 0000:00:04.1: reg 10: [mem 0xffa5c000-0xffa5c0ff]
<1>[    0.139679,1] pci 0000:00:04.1: PME# supported from D0 D3hot
<1>[    0.139688,1] pci 0000:00:04.1: PME# disabled
<1>[    0.139726,1] pci 0000:00:05.0: [8086:081b] type 0 class 0x000700
<1>[    0.139751,1] pci 0000:00:05.0: reg 10: [mem 0xffa28080-0xffa280ff]
<1>[    0.139833,1] pci 0000:00:05.0: supports D1
<1>[    0.139841,1] pci 0000:00:05.0: PME# supported from D0 D3hot
<1>[    0.139850,1] pci 0000:00:05.0: PME# disabled
<1>[    0.139877,1] pci 0000:00:05.1: [8086:081c] type 0 class 0x000700
<1>[    0.139902,1] pci 0000:00:05.1: reg 10: [mem 0xffa28100-0xffa2817f]
<1>[    0.139990,1] pci 0000:00:05.1: supports D1
<1>[    0.139998,1] pci 0000:00:05.1: PME# supported from D0 D3hot
<1>[    0.140007,1] pci 0000:00:05.1: PME# disabled
<1>[    0.140036,1] pci 0000:00:05.2: [8086:081d] type 0 class 0x000700
<1>[    0.140061,1] pci 0000:00:05.2: reg 10: [mem 0xffa28180-0xffa281ff]
<1>[    0.140155,1] pci 0000:00:05.2: supports D1
<1>[    0.140164,1] pci 0000:00:05.2: PME# supported from D0 D3hot
<1>[    0.140173,1] pci 0000:00:05.2: PME# disabled
<1>[    0.140201,1] pci 0000:00:05.3: [8086:081e] type 0 class 0x000700
<1>[    0.140226,1] pci 0000:00:05.3: reg 10: [mem 0xffa28400-0xffa287ff]
<1>[    0.140300,1] pci 0000:00:05.3: PME# supported from D0 D3hot
<1>[    0.140309,1] pci 0000:00:05.3: PME# disabled
<1>[    0.140344,1] pci 0000:00:06.0: [8086:082b] type 0 class 0x001180
<1>[    0.140368,1] pci 0000:00:06.0: reg 10: [mem 0xffa2e000-0xffa2e3ff]
<1>[    0.140385,1] pci 0000:00:06.0: reg 14: [mem 0xfa000000-0xfdffffff]
<1>[    0.140451,1] pci 0000:00:06.0: PME# supported from D0 D3hot
<1>[    0.140461,1] pci 0000:00:06.0: PME# disabled
<1>[    0.140488,1] pci 0000:00:06.1: [8086:0831] type 0 class 0x000380
<1>[    0.140577,1] pci 0000:00:06.1: PME# supported from D0 D3hot
<1>[    0.140587,1] pci 0000:00:06.1: PME# disabled
<1>[    0.140622,1] pci 0000:00:06.3: [8086:0833] type 0 class 0x000780
<1>[    0.140647,1] pci 0000:00:06.3: reg 10: [mem 0xffa29000-0xffa297ff]
<1>[    0.140721,1] pci 0000:00:06.3: PME# supported from D0 D3hot
<1>[    0.140731,1] pci 0000:00:06.3: PME# disabled
<1>[    0.140758,1] pci 0000:00:06.4: [8086:0834] type 0 class 0x000780
<1>[    0.140783,1] pci 0000:00:06.4: reg 10: [mem 0xffa29800-0xffa29fff]
<1>[    0.140856,1] pci 0000:00:06.4: PME# supported from D0 D3hot
<1>[    0.140866,1] pci 0000:00:06.4: PME# disabled
<1>[    0.142256,1] vgaarb: device added: PCI:0000:00:02.0,decodes=io+mem,owns=io+mem,locks=none
<1>[    0.144872,1] PCI: pci_cache_line_size set to 64 bytes
<1>[    0.145125,1] reserve RAM buffer: 0000000000098000 - 000000000009ffff 
<1>[    0.145136,1] reserve RAM buffer: 0000000036ff0000 - 0000000037ffffff 
<1>[    0.145145,1] reserve RAM buffer: 000000003eeff400 - 000000003fffffff 
<1>[    0.145501,1] Bluetooth: Core ver 2.16
<1>[    0.145549,1] NET: Registered protocol family 31
<1>[    0.145556,1] Bluetooth: HCI device and connection manager initialized
<1>[    0.145565,1] Bluetooth: HCI socket layer initialized
<1>[    0.145572,1] Bluetooth: L2CAP socket layer initialized
<1>[    0.145749,0] Bluetooth: SCO socket layer initialized
<1>[    0.145988,0] PMU DRIVER BEFORE PROBE
<1>[    0.146082,0] intel_pmu_driver 0000:00:02.2: PMU DRIVER Probe called
<1>[    0.146544,0] pci 0000:00:06.3: HSI pci pm config = 0x83
<1>[    0.146811,0] intel_pmu_driver 0000:00:02.2: after pmu initialization
<1>[    0.189069,0] print_constraints: vwl1271: 1800 mV 
<1>[    0.189460,0] PCI: max bus depth: 0 pci_try_num: 1
<1>[    0.189509,0] pci_bus 0000:00: resource 0 [io  0x0000-0xffff]
<1>[    0.189524,0] pci_bus 0000:00: resource 1 [mem 0x00000000-0xffffffff]
<1>[    0.189636,0] NET: Registered protocol family 2
<1>[    0.189829,0] IP route cache hash table entries: 32768 (order: 5, 131072 bytes)
<1>[    0.190693,0] TCP established hash table entries: 131072 (order: 8, 1048576 bytes)
<1>[    0.191980,0] TCP bind hash table entries: 65536 (order: 8, 1310720 bytes)
<1>[    0.193424,0] TCP: Hash tables configured (established 131072 bind 65536)
<1>[    0.193439,0] TCP reno registered
<1>[    0.193474,0] UDP hash table entries: 512 (order: 2, 24576 bytes)
<1>[    0.193510,0] UDP-Lite hash table entries: 512 (order: 2, 24576 bytes)
<1>[    0.193955,0] NET: Registered protocol family 1
<1>[    0.194032,0] pci 0000:00:00.1: Refused to change power state, currently in D0
<1>[    0.194931,0] pci 0000:00:02.0: Boot video device
<1>[    0.198875,0] pci 0000:00:02.4: Refused to change power state, currently in D0
<1>[    0.198985,0] PCI: CLS 0 bytes, default 64
<1>[    0.199157,0] Unpacking initramfs...
<1>[    0.349231,0] Freeing initrd memory: 2560k freed
<1>[    0.353236,1] OSHOB addr values is ffff3000
<1>[    0.353280,1] addr=f0016000, offset=2c, value=c0
<1>[    0.353289,1] addr=f0016001, offset=2d, value=7f
<1>[    0.353296,1] addr=f0016002, offset=2e, value=ff
<1>[    0.353304,1] addr=f0016003, offset=2f, value=ff
<1>[    0.353326,1] [BOOT] RESETIRQ1=0x08 RESETIRQ2=0x00 (interrupt tree)
<1>[    0.353361,1] OSHOB addr values is ffff3000
<1>[    0.353377,1] addr=f001a000, offset= 0, value= 3
<1>[    0.353385,1] addr=f001a001, offset= 1, value= 0
<1>[    0.353392,1] addr=f001a002, offset= 2, value= 2
<1>[    0.353400,1] addr=f001a003, offset= 3, value= 0
<1>[    0.353429,1] OSHOB addr values is ffff3000
<1>[    0.353445,1] addr=f001c000, offset= 4, value=ff
<1>[    0.353452,1] addr=f001c001, offset= 5, value=ff
<1>[    0.353460,1] addr=f001c002, offset= 6, value=ff
<1>[    0.353467,1] addr=f001c003, offset= 7, value=ff
<1>[    0.353478,1] [BOOT] SCU_TR=0x00020003 IA_TR=0xffffffff (oshob)
<1>[    0.353509,1] OSHOB addr values is ffff3000
<1>[    0.353525,1] addr=f001e00c, offset= 0, value= 0
<1>[    0.353561,1] OSHOB addr values is ffff3000
<1>[    0.353577,1] addr=f002002a, offset=1e, value= 0
<1>[    0.353614,1] OSHOB addr values is ffff3000
<1>[    0.353632,1] addr=f0022010, offset= 4, value= 8
<1>[    0.353663,1] OSHOB addr values is ffff3000
<1>[    0.353678,1] addr=f0024011, offset= 5, value= 0
<1>[    0.353716,1] OSHOB addr values is ffff3000
<1>[    0.353732,1] addr=f002600d, offset= 1, value= 0
<1>[    0.353772,1] OSHOB addr values is ffff3000
<1>[    0.353790,1] addr=f002800e, offset= 2, value= 0
<1>[    0.353818,1] OSHOB addr values is ffff3000
<1>[    0.353833,1] addr=f002a00f, offset= 3, value= 1
<1>[    0.353869,1] OSHOB addr values is ffff3000
<1>[    0.353885,1] addr=f002c029, offset=1d, value= 0
<1>[    0.353896,1] [BOOT] RR=0x00 WD=0x00 ALARM=0x00 PANIC=0x00(osnib)
<1>[    0.353904,1] [BOOT] WAKESRC=0x01 RESETIRQ1=0x08 RESETIRQ2=0x00 (osnib)
<1>[    0.353910,1] [BOOT] BOS=0x00 (osnib)
<1>[    0.353950,1] OSHOB addr values is ffff3000
<1>[    0.353988,1] POSNIB: ffff3400
<1>[    0.355211,0] bluetooth_init: Setting platform_data with UART device name:/dev/ttyMFD0 and UART baud rate:3500000.
<1>[    0.355488,0] ram_console: got buffer at fe00000, size 200000
<1>[    0.355515,0] ------------[ cut here ]------------
<1>[    0.355546,0] WARNING: at /localrepo1/hudson/workspace/8.7.1I-D-SMI-EMARA-userdebug/8.7.1I_smi_emara/platform/hardware/intel/linux-2.6/arch/x86/mm/ioremap.c:102 __ioremap_caller+0x2cd/0x2f0()
<1>[    0.355568,0] Hardware name: Medfield
<1>[    0.355585,0] Modules linked in:
<1>[    0.355647,0] Pid: 1, comm: swapper Not tainted 3.0.8-eng-00007-ge49833f #1
<1>[    0.355666,0] Call Trace:
<1>[    0.355695,0]  [<c12550b7>] warn_slowpath_common+0x77/0x130
<1>[    0.355720,0]  [<c122913d>] ? __ioremap_caller+0x2cd/0x2f0
<1>[    0.355743,0]  [<c122913d>] ? __ioremap_caller+0x2cd/0x2f0
<1>[    0.355775,0]  [<c1255192>] warn_slowpath_null+0x22/0x30
<1>[    0.355799,0]  [<c122913d>] __ioremap_caller+0x2cd/0x2f0
<1>[    0.355824,0]  [<c1391136>] ? sysfs_add_one+0x56/0x160
<1>[    0.355850,0]  [<c19768a5>] ? __mutex_lock_slowpath+0x25/0x30
<1>[    0.355874,0]  [<c12291bb>] ioremap_nocache+0x1b/0x20
<1>[    0.355898,0]  [<c16e2531>] ? ram_console_driver_probe+0x61/0x270
<1>[    0.355922,0]  [<c16e2531>] ram_console_driver_probe+0x61/0x270
<1>[    0.355947,0]  [<c15b2cf1>] platform_drv_probe+0x11/0x20
<1>[    0.355972,0]  [<c15b17f4>] driver_probe_device+0x1a4/0x340
<1>[    0.355996,0]  [<c123a20d>] ? sub_preempt_count+0x3d/0x50
<1>[    0.356021,0]  [<c15b1a69>] __device_attach+0x49/0x60
<1>[    0.356044,0]  [<c15b05d3>] bus_for_each_drv+0x53/0x80
<1>[    0.356068,0]  [<c15b1504>] device_attach+0xc4/0x170
<1>[    0.356091,0]  [<c15b1a20>] ? __driver_attach+0x90/0x90
<1>[    0.356115,0]  [<c15b0395>] bus_probe_device+0x25/0x40
<1>[    0.356139,0]  [<c15af202>] device_add+0x752/0x940
<1>[    0.356163,0]  [<c123a20d>] ? sub_preempt_count+0x3d/0x50
<1>[    0.356187,0]  [<c125ead5>] ? insert_resource+0x115/0x1a0
<1>[    0.356212,0]  [<c150232c>] ? kobject_set_name_vargs+0x5c/0x80
<1>[    0.356236,0]  [<c15b3274>] platform_device_add+0x104/0x1f0
<1>[    0.356260,0]  [<c15b7947>] ? device_pm_init+0x57/0x70
<1>[    0.356283,0]  [<c15b337a>] platform_device_register+0x1a/0x20
<1>[    0.356309,0]  [<c1c948ea>] intel_mid_ram_console_register+0x1f/0x57
<1>[    0.356332,0]  [<c15b337a>] ? platform_device_register+0x1a/0x20
<1>[    0.356355,0]  [<c1c938f0>] ? switch_mid_init+0x10/0x24
<1>[    0.356379,0]  [<c1201035>] do_one_initcall+0x35/0x170
<1>[    0.356402,0]  [<c12b09ca>] ? init_irq_proc+0x8a/0x180
<1>[    0.356426,0]  [<c1c948cb>] ? setup_hsu_dma_enable_flag+0x2a/0x2a
<1>[    0.356449,0]  [<c1c822a4>] kernel_init+0xae/0x144
<1>[    0.356472,0]  [<c1c821f6>] ? parse_early_options+0x25/0x25
<1>[    0.356495,0]  [<c19792fa>] kernel_thread_helper+0x6/0x10
<1>[    0.356528,0] ---[ end trace 93d72a36b9146f22 ]---
<1>[    0.358957,0] ram_console: found existing buffer, size 34511, start 34511
<1>[    0.360025,0] console [ram-1] enabled
<1>[    0.360465,0] mot_init_factory_kill: Factory Kill Circuit: enabled
<1>[    0.360916,0] I2C bus = 4, name =         lc898211, irq = 0x 0, addr = 0x72
<1>[    0.364327,1] highmem bounce pool size: 64 pages
<1>[    0.364488,1] ashmem: initialized
<1>[    0.370970,1] fuse init (API version 7.16)
<1>[    0.371862,1] Btrfs loaded
<1>[    0.371883,1] msgmni has been set to 1458
<1>[    0.375419,0] alg: No test for stdrng (krng)
<1>[    0.375603,1] Block layer SCSI generic (bsg) driver version 0.4 loaded (major 253)
<1>[    0.375722,0] io scheduler noop registered
<1>[    0.375742,0] io scheduler deadline registered (default)
<1>[    0.375811,0] io scheduler cfq registered
<1>[    0.376280,0] intel_idle: MWAIT substates: 0x3020220
<1>[    0.376291,0] intel_idle: v0.4 model 0x27
<1>[    0.376298,0] intel_idle: lapic_timer_reliable_states 0xffffffff
<1>[    0.376322,0] intel_idle: cpuidle: target_residency[1]= 4
<1>[    0.376331,0] intel_idle: cpuidle: target_residency[2]= 80
<1>[    0.376339,0] intel_idle: cpuidle: target_residency[4]= 400
<1>[    0.376347,0] intel_idle: cpuidle: target_residency[6]= 560
<1>[    0.376355,0] intel_idle: cpuidle: target_residency[7]= 2541
<1>[    0.376363,0] intel_idle: cpuidle: target_residency[8]= 4255
<1>[    0.376371,0] intel_idle: cpuidle: target_residency[9]= 39853
<1>[    0.376398,0] intel_idle: cpuidle: target_residency[1]= 4
<1>[    0.376407,0] intel_idle: cpuidle: target_residency[2]= 80
<1>[    0.376415,0] intel_idle: cpuidle: target_residency[4]= 400
<1>[    0.376423,0] intel_idle: cpuidle: target_residency[6]= 560
<1>[    0.376431,0] intel_idle: cpuidle: target_residency[7]= 2541
<1>[    0.376439,0] intel_idle: cpuidle: target_residency[8]= 4255
<1>[    0.376447,0] intel_idle: cpuidle: target_residency[9]= 39853
<1>[    0.376802,0] HSU: error in request mem region
<1>[    0.376978,0] HSU: found PCI Serial controller(ID: 8086:081b)
<1>[    0.377707,0] 0000:00:05.0: ttyMFD0 at MMIO 0xffa28080 (irq = 60) is a hsu_port0
<1>[    0.380598,0] HSU: found PCI Serial controller(ID: 8086:081c)
<1>[    0.380696,0] 0000:00:05.1: ttyMFD1 at MMIO 0xffa28100 (irq = 61) is a hsu_port1
<1>[    0.383571,0] 0000:00:05.1: ttyMFD3 at MMIO 0xffa28100 (irq = 61) is a hsu_port3
<1>[    3.613424,0] console [ttyMFD3] enabled
<1>[    3.617273,0] HSU: found PCI Serial controller(ID: 8086:081d)
<1>[    3.623056,0] 0000:00:05.2: ttyMFD2 at MMIO 0xffa28180 (irq = 62) is a hsu_port2
<1>[    3.633374,0] HSU: found PCI Serial controller(ID: 8086:081e)
<1>[    3.639289,0] Linux agpgart interface v0.103
<1>[    3.643557,0] [drm] Initialized drm 1.1.0 20060810
<1>[    3.650669,0] loop: module loaded
<1>[    3.659211,0] (stk) :sysfs entries created
<1>[    3.663317,0] (stk) : debugfs entries created 
<1>[    3.667558,0] AKM8963 compass driver: initialize.
<1>[    3.672269,0] i2c-core: driver [audience_es305] using legacy suspend method
<1>[    3.679352,0] i2c-core: driver [audience_es305] using legacy resume method
<1>[    3.686229,0] Android kernel panic handler initialized!
<1>[    3.691478,0] LIS3DH accelerometer driver
<1>[    3.695461,0] Loading pn544 driver
<1>[    3.698876,0] DW: found PCI SPI controller(ID: 8086:0800)
<1>[    3.705906,1] init Intel HSI controller driver
<1>[    3.721729,1] hsi-ffl hsi-ffl: ffl_driver_probe entered
<1>[    3.727099,1] hsi-ffl: GPIO mdm_rst_bbn 174
<1>[    3.731281,1] hsi-ffl: GPIO mdm_pwr_on 113
<1>[    3.735577,1] hsi-ffl: GPIO mdm_rst_out 74
<1>[    3.739774,1] hsi-ffl: GPIO fcdp_rb 45
<1>[    3.743607,1] hsi-ffl: IRQ 330 (RST_OUT)
<1>[    3.747601,1] hsi-ffl: IRQ 301 (CORE DUMP)
<1>[    3.751665,1] hsi-ffl hsi-ffl: GPIO ON1 toggle
<1>[    3.957001,1] hsi-ffl hsi-ffl: ffl_driver_probe completed
<1>[    3.957084,0] hsi-ffl: done creating pool of frames.
<1>[    3.967338,0] hsi-ffl: driver initialised
<1>[    3.967365,1] hsi-ffl: done creating pool of frames.
<1>[    3.976255,0] PPP generic driver version 2.4.2
<1>[    3.980985,0] PPP Deflate Compression module registered
<1>[    3.986158,0] PPP BSD Compression module registered
<1>[    3.991701,1] PPP MPPE Compression module registered
<1>[    3.996614,1] NET: Registered protocol family 24
<1>[    4.001229,1] tun: Universal TUN/TAP device driver, 1.6
<1>[    4.006445,1] tun: (C) 1999-2004 Max Krasnyansky <maxk@qualcomm.com>
<1>[    4.012953,1] penwell_otg 0000:00:02.3: Intel Penwell USB OTG controller is detected.
<1>[    4.020744,1] penwell_otg 0000:00:02.3: Driver version: 0.8
<1>[    4.137099,0] ehci_hcd: USB 2.0 'Enhanced' Host Controller (EHCI) Driver
<1>[    4.143889,0] usbcore: registered new interface driver usblp
<1>[    4.149505,0] penwell_otg 0000:00:02.3: Intel Langwell/Penwell USB Device Controller driver
<1>[    4.157832,0] penwell_otg 0000:00:02.3: irq 32, pci mem f02c0000
<1>[    4.163820,0] penwell_otg 0000:00:02.3: Driver version: June 3, 2010
<1>[    4.170156,0] penwell_otg 0000:00:02.3: Support (max) 12 endpoints
<1>[    4.176320,0] penwell_otg 0000:00:02.3: Device interface version: 0x0001
<1>[    4.183003,0] penwell_otg 0000:00:02.3: Controller mode: Device
<1>[    4.188906,0] penwell_otg 0000:00:02.3: Support USB LPM: Yes
<1>[    4.194749,0] mousedev: PS/2 mouse device common for all mice
<1>[    4.201308,1] using rtc device, rtc_mrst, for alarms
<1>[    4.206077,1] rtc_mrst rtc_mrst: rtc core: registered rtc_mrst as rtc0
<1>[    4.212887,1] i2c /dev entries driver
<1>[    4.217898,1] atmxt_probe: Driver: atmxt-i2c, Version: YN-03-00, Date: 2012-06-18
<1>[    4.225696,1] atmxt_set_drv_state: Driver state PROBE -> WAITING
<1>[    4.231637,1] atmxt_probe: Probe successful.
<1>[    4.241682,0] pn544_probe : entering probe
<1>[    4.245757,0] pn544_platform_init : set ven and firm to low
<1>[    4.262425,0] pn544_probe : requesting IRQ 332
<1>[    4.274618,0] input: accelerometer as /devices/virtual/input/input0
<1>[    4.281111,0] lis3dh 5-0018: lis3dh probed
<1>[    4.285373,0] akm8963 5-000c: akm8963_i2c_check_device: AK8973 found
<1>[    4.291623,0] input: compass as /devices/virtual/input/input1
<1>[    4.297930,1] akm8963 5-000c: akm8963_probe: success
<1>[    4.303080,1] input: light-prox as /devices/virtual/input/input2
<1>[    4.309533,0] ct406_probe: CT406 part detected
<1>[    4.315535,0] i2c-gpio i2c-gpio.8: using pins 132 (SDA) and 131 (SCL)
<1>[    4.322030,0] Linux media interface: v0.10
<1>[    4.326165,0] lirc_dev: IR Remote Control driver registered, major 247 
<1>[    4.332733,0] IR RC5 (streamzap) protocol handler initialized
<1>[    4.338447,0] IR LIRC bridge handler initialized
<1>[    4.343058,0] Linux video capture interface: v2.00
<1>[    4.348786,0] max170xx_battery 1-0036: chip type max17042 detected
<1>[    4.358527,0] max170xx_battery 1-0036: current sensing enabled
<1>[    4.364313,0] max170xx_battery 1-0036: device not ready
<1>[    4.372803,0] max170xx_battery 1-0036: BP Temp read error:-11
<1>[    4.378328,0] power_supply max170xx_battery: driver failed to report `temp' property
<1>[    4.386297,0] max170xx_battery 1-0036: cannot get IRQ:255
<1>[    4.395270,0] max170xx_battery 1-0036: BP Temp read error:-11
<1>[    4.400784,0] power_supply max170xx_battery: driver failed to report `temp' property
<1>[    4.408913,0] coretemp coretemp.0: Unable to read TjMax from CPU 0
<1>[    4.418960,0] device-mapper: uevent: version 1.0.3
<1>[    4.423974,0] device-mapper: ioctl: 4.20.0-ioctl (2011-02-02) initialised: dm-devel@redhat.com
<1>[    4.432656,0] Bluetooth: HCI UART driver ver 2.2
<1>[    4.437746,1] cpuidle: using governor ladder
<1>[    4.442635,1] cpuidle: using governor menu
<1>[    4.446702,1] sdhci: Secure Digital Host Controller Interface driver
<1>[    4.453018,1] sdhci: Copyright(c) Pierre Ossman
<1>[    4.457580,1] sdhci-pci 0000:00:01.0: SDHCI controller found [8086:0823] (rev 8)
<1>[    4.465347,1] sdhci-pci 0000:00:01.0: mapped addr: f02e8fb0
<1>[    4.470883,1] sdhci-pci 0000:00:01.0: current eMMC owner: 0, IA req: 0, SCU req: 0
<1>[    4.478729,1] Registered led device: mmc0::
<1>[    4.602925,0] mmc0: new high speed MMC card at address 0001
<1>[    4.608836,0] mmc0: calculated max. discard sectors 8192 for timeout 2684 ms
<1>[    4.615957,1] mmcblk0: mmc0:0001 008G4B 7.40 GiB 
<1>[    4.622548,1]  mmcblk0: p1 p2 p3 p4 p5 p6 p7 p8 p9 p10 p11 p12 p13 p14 p15 p16 p17
<1>[    4.632664,0] mmc0: SDHCI controller on PCI [0000:00:01.0] using ADMA
<1>[    4.639109,0] match_panic_par:emmc found
<1>[    4.642998,0] panic partition found
<1>[    4.646919,1] emmc_panic_notify_add: Bound to emmc partition 'emmc_ipanic'
<1>[    4.658931,1] sdhci-pci 0000:00:04.0: SDHCI controller found [8086:0820] (rev 8)
<1>[    4.667391,1] Registered led device: mmc1::
<1>[    4.671739,1] mmc1: SDHCI controller on PCI [0000:00:04.0] using ADMA
<1>[    4.678870,1] sdhci-pci 0000:00:04.1: SDHCI controller found [8086:0821] (rev 8)
<1>[    4.687082,1] Registered led device: mmc2::
<1>[    4.691357,1] mmc2: SDHCI controller on PCI [0000:00:04.1] using ADMA
<1>[    4.699028,1] Registered led device: charging
<1>[    4.703432,1] msic_chrg_led_probe: finished successfully
<1>[    4.708755,1] lm2755_probe: started; i2c address 0x67
<1>[    4.713778,1] lm2755_probe: max_time = 1810212
<1>[    4.719380,0] Registered led device: red
<1>[    4.723250,0] lm2755_register_leds: registered 'red' LED class
<1>[    4.729166,0] Registered led device: green
<1>[    4.733230,0] lm2755_register_leds: registered 'green' LED class
<1>[    4.739300,0] Registered led device: blue
<1>[    4.743276,0] lm2755_register_leds: registered 'blue' LED class
<1>[    4.749266,0] Registered led device: rgb
<1>[    4.753140,0] lm2755_probe: registered 'rgb' LED class
<1>[    4.758291,0] lm2755_probe: finished successfully
<1>[    4.763678,0] usbcore: registered new interface driver usbhid
<1>[    4.769400,0] usbhid: USB HID core driver
<1>[    4.773778,1] logger: created 1024K log 'log_main'
<1>[    4.778544,1] logger_pti: log_main, mc : 74 0
<1>[    4.779993,0] mmc1: new high speed SDHC card at address e624
<1>[    4.780293,0] mmc1: calculated max. discard sectors 155648 for timeout 2684 ms
<1>[    4.780387,0] mmcblk1: mmc1:e624 SU16G 14.8 GiB 
<1>[    4.784848,0]  mmcblk1: p1
<1>[    4.803212,1] logger: created 512K log 'log_events'
<1>[    4.808068,1] logger_pti: log_events, mc : 74 1
<1>[    4.812668,1] logger: created 64K log 'log_radio'
<1>[    4.817331,1] logger_pti: log_radio, mc : 74 2
<1>[    4.821845,1] logger: created 256K log 'log_kernel'
<1>[    4.826691,1] logger_pti: log_kernel, mc : 74 3
<1>[    4.831288,1] logger: created 64K log 'log_system'
<1>[    4.836102,1] logger_pti: log_system, mc : 74 4
<1>[    4.840663,1] zram: num_devices not specified. Using default: 1
<1>[    4.846724,1] zram: Creating 1 devices ...
<1>[    4.851326,1] pvrsrvkm 0000:00:02.0: setting latency timer to 64
<1>[    4.857805,1] [drm] psb - 5.6.0.1202
<1>[    4.861352,1] [drm] Run drivers on Medfield platform!
<1>[    4.866555,1] [TTM] Zone  kernel: Available graphics memory: 373370 kiB.
<1>[    4.873231,1] [TTM] Zone highmem: Available graphics memory: 495200 kiB.
<1>[    4.879898,1] [TTM] Initializing pool allocator.
<1>[    4.885069,1] [drm] drm platform config address is d2a00
<1>[    4.890341,1] PanelID:8
<1>[    4.892759,1] mrst_get_vbt_data: AMOLED CMD Panel
<1>[    4.897755,1] [drm] IMR4 start=0x36ff0000, size=9490432B (2317 pages)
<1>[    4.903022,0] mmc2: card claims to support voltages below the defined range. These will be ignored.
<1>[    4.913202,1] Switching to clocksource tsc
<1>[    4.915493,0] mmc2: queuing unknown CIS tuple 0x91 (3 bytes)
<1>[    4.917416,0] mmc2: new high speed SDIO card at address 0001
<1>[    4.928599,0] GMMADR(region 0) start: 0x40000000 (256M).
<1>[    4.929438,1] Switched to NOHz mode on CPU #1
<1>[    4.938198,0] Switched to NOHz mode on CPU #0
<1>[    4.942565,0] GTTADR(region 3) start: 0xdfec0000 (can map 256M RAM), and actual RAM base 0x3ffc0000.
<1>[    4.951674,0] Stole memory information 
<1>[    4.955495,0]       base in RAM: 0x3f000000 
<1>[    4.959730,0]       size: 16124K, calculated by (GTT RAM base) - (Stolen base), seems wrong
<1>[    4.968130,0]       the correct size should be: 16M(dvmt mode=4) 
<1>[    4.974199,0] RAR Stole memory: RAM base = 0x36ff0000, size = 9 M 
<1>[    4.989431,0] Set up 4031 stolen pages starting at 0x0003f000, GTT offset 0K
<1>[    4.998294,0] Set up 0 CI stolen pages starting at 0x00000000, GTT offset 131072K
<1>[    5.012704,0] [drm] PSB GTT mem manager ready, tt_start 4031, tt_size 28737 pages
<1>[    5.020398,0] [drm] SGX core id = 0x00000000
<1>[    5.024631,0] [drm] SGX core rev major = 0x00, minor = 0x00
<1>[    5.030197,0] [drm] SGX core rev maintenance = 0x00, designer = 0x00
<1>[    5.042667,0] pvrsrvkm 0000:00:02.0: irq 85 for MSI/MSI-X
<1>[    5.048071,0] [drm] Supports vblank timestamp caching Rev 1 (10.10.2010).
<1>[    5.054818,0] [drm] No driver support for vblank timestamp query.
<1>[    5.061710,1] [drm] mdfld_dsi_error_detector_init: started
<1>[    5.067334,1] allocated 540x960 fb
<1>[    5.070844,1] fbcon: psbfb (fb0) is primary device
<1>[    5.076184,1] Console: switching to colour frame buffer device 67x60
<1>[    5.082905,1] fb0: psbfb frame buffer device
<1>[    5.087137,1] drm: registered panic notifier
<1>[    5.091594,1] [drm] dsi status [16:TX DSI Data Type Not Recognised]
<1>[    5.098389,1] Read MTP_SET4, elvss = 0x15,white_pt = 0x05
<1>[    5.104022,1] PVR: PVRSRVDrmLoad
<1>[    5.107204,1] PVR: PVRCore_Init
<1>[    5.110358,1] PVR: PVRLinuxX86PATProbe: PAT available
<1>[    5.115366,1] PVR: PVRLinuxX86PATProbe: Top 32 bits of PAT: 0x00070106
<1>[    5.121877,1] PVR: PVRLinuxX86PATProbe: Bottom 32 bits of PAT: 0x00070106
<1>[    5.128648,1] PVR: PVRLinuxX86PATProbe: PAT index for write combining: 1
<1>[    5.135333,1] PVR: PVRLinuxX86PATProbe: PAT entry for write combining: 0x01 (should be 0x01)
<1>[    5.144570,1] PVR: OSPCISetDev
<1>[    5.147585,1] PVR: PCI memory region: dff00000 to dfffffff
<1>[    5.153067,1] PVR: ui32BaseAddr: DFF00000
<1>[    5.157045,1] PVR: IRQ: 85
<1>[    5.159836,1] Device ID: 3
<1>[    5.162500,1] [drm] Initialized pvrsrvkm 8.1.0 2009-03-10 for 0000:00:02.0 on minor 0
<1>[    5.170890,1] input: msic_power_btn as /devices/ipc/msic_power_btn/input/input3
<1>[    5.179669,1] Intel ALSA SSP Driver
<1>[    5.179674,1]  Version 1.0.2
<1>[    5.179763,0] I2S SSP Driver 0000:00:01.4: Detected PCI SSP (ID: 8086:0825)
<1>[    5.181577,0] I2S SSP Driver 0000:00:01.4: Probe/find capability (VNDR 9 pos=0x88)
<1>[    5.181587,0] I2S SSP Driver 0000:00:01.4: Vendor capability adid = 0x4246
<1>[    5.181597,0] I2S SSP Driver 0000:00:01.4: Detected PCI SSP (ID: 8086:0825) ssp_fs_gpio_mapping =9 ssp_fs_mode =1
<1>[    5.181607,0] I2S SSP Driver 0000:00:01.4: Detected PCI SSP (ID: 8086:0825) usage =1
<1>[    5.182419,0] I2S SSP Driver 0000:00:02.7: Detected PCI SSP (ID: 8086:0832)
<1>[    5.183038,0] I2S SSP Driver 0000:00:02.7: Probe/find capability (VNDR 9 pos=0x88)
<1>[    5.183048,0] I2S SSP Driver 0000:00:02.7: Vendor capability adid = 0x414a
<1>[    5.183058,0] I2S SSP Driver 0000:00:02.7: Detected PCI SSP (ID: 8086:0832) ssp_fs_gpio_mapping =5 ssp_fs_mode =1
<1>[    5.183068,0] I2S SSP Driver 0000:00:02.7: Detected PCI SSP (ID: 8086:0832) usage =2
<1>[    5.265464,0] Intel ALSA IFX Driver
<1>[    5.265468,0]  Version 1.0.2
<1>[    5.272648,1] ALSA device list:
<1>[    5.272677,0] snd_intel_sst: INFO: ******** SST DRIVER loading.. Ver: 2.0.04
<1>[    5.274613,0] snd_intel_sst: intel_sst_probe successfully done!
<1>[    5.288696,1]   #0: Loopback 1
<1>[    5.291713,1]   #1: 
<1>[    5.293880,1]   #2: 
<1>[    5.296056,1] oprofile: using NMI interrupt.
<1>[    5.300402,1] u32 classifier
<1>[    5.303217,1]     Actions configured
<1>[    5.306776,1] Netfilter messages via NETLINK v0.30.
<1>[    5.311687,1] nf_conntrack version 0.5.0 (15475 buckets, 61900 max)
<1>[    5.318811,1] ctnetlink v0.93: registering with nfnetlink.
<1>[    5.324285,1] NF_TPROXY: Transparent proxy support initialized, version 4.1.0
<1>[    5.331355,1] NF_TPROXY: Copyright (c) 2006-2007 BalaBit IT Ltd.
<1>[    5.337594,1] xt_time: kernel timezone is -0000
<1>[    5.342077,1] ip_set: protocol 6
<1>[    5.347245,1] ip_tables: (C) 2000-2006 Netfilter Core Team
<1>[    5.352875,1] arp_tables: (C) 2002 David S. Miller
<1>[    5.357676,1] TCP cubic registered
<1>[    5.361014,1] Initializing XFRM netlink socket
<1>[    5.365897,1] NET: Registered protocol family 10
<1>[    5.373607,1] Mobile IPv6
<1>[    5.376225,1] ip6_tables: (C) 2000-2006 Netfilter Core Team
<1>[    5.382009,1] IPv6 over IPv4 tunneling driver
<1>[    5.391125,1] NET: Registered protocol family 17
<1>[    5.395728,1] NET: Registered protocol family 15
<1>[    5.400493,1] Bridge firewalling registered
<1>[    5.404802,0] Bluetooth: RFCOMM TTY layer initialized
<1>[    5.409845,0] Bluetooth: RFCOMM socket layer initialized
<1>[    5.415123,0] Bluetooth: RFCOMM ver 1.11
<1>[    5.419014,0] Bluetooth: BNEP (Ethernet Emulation) ver 1.3
<1>[    5.424481,0] Bluetooth: BNEP filters: protocol multicast
<1>[    5.430472,0] Bluetooth: HIDP (Human Interface Emulation) ver 1.2
<1>[    5.436605,0] Using IPI No-Shortcut mode
<1>[    5.440901,0] input: gpio-keys as /devices/platform/gpio-keys/input/input4
<1>[    5.448141,0] using input dev msic_power_btn for key reset
<1>[    5.453588,0] using input dev gpio-keys for key reset
<1>[    5.458659,0] ram_info_init: RAM: Elpida, S4 SDRAM, 1024 MB, MR5:0x03, MR6:0x00, MR7:0x00, MR8:0x18
<1>[    5.467983,0] registered taskstats version 1
<1>[    5.474135,0] android_usb gadget: Mass Storage Function, version: 2009/09/11
<1>[    5.481174,0] android_usb gadget: Number of LUNs=1
<1>[    5.485909,0]  lun0: LUN: removable file: (no medium)
<1>[    5.494023,0] Gadget Android: controller 'langwell_udc' not recognized
<1>[    5.500543,0] android_usb gadget: android_usb ready
<1>[    5.505362,0] penwell_otg 0000:00:02.3: register driver: android_usb
<1>[    5.511764,0] rtc_mrst rtc_mrst: setting system clock to 2012-07-07 02:07:52 UTC (1341626872)
<1>[    5.520301,0] APIC ID: 0
<1>[    5.522786,0] APIC ID: 1
<1>[    5.525335,0] Num p-states 7
<1>[    5.528184,0] State [0]: core_frequency[2000] transition_latency[100] control[0x1460]
<1>[    5.536015,0] State [1]: core_frequency[1800] transition_latency[100] control[0x1259]
<1>[    5.543789,1] intel_mdf_battery msic_battery: SFI: temperature monitoring rangedoesn't match with its Array elements size
<1>[    5.543815,0] State [2]: core_frequency[1600] transition_latency[100] control[0x1054]
<1>[    5.543824,0] State [3]: core_frequency[1400] transition_latency[100] control[0xe4f]
<1>[    5.543833,0] State [4]: core_frequency[1200] transition_latency[100] control[0xc4a]
<1>[    5.543841,0] State [5]: core_frequency[900] transition_latency[100] control[0x944]
<1>[    5.543849,0] State [6]: core_frequency[600] transition_latency[100] control[0x643]
<1>[    5.544010,0] Num p-states 7
<1>[    5.544017,0] State [0]: core_frequency[2000] transition_latency[100] control[0x1460]
<1>[    5.544026,0] State [1]: core_frequency[1800] transition_latency[100] control[0x1259]
<1>[    5.544034,0] State [2]: core_frequency[1600] transition_latency[100] control[0x1054]
<1>[    5.544043,0] State [3]: core_frequency[1400] transition_latency[100] control[0xe4f]
<1>[    5.544051,0] State [4]: core_frequency[1200] transition_latency[100] control[0xc4a]
<1>[    5.544059,0] State [5]: core_frequency[900] transition_latency[100] control[0x944]
<1>[    5.544067,0] State [6]: core_frequency[600] transition_latency[100] control[0x643]
<1>[    5.654187,1] intel_mdf_battery msic_battery: MSIC-Register RW mismatch on try 1
<1>[    5.661635,1] intel_mdf_battery msic_battery: MSIC-Register RW mismatch on try 2
<1>[    5.669052,1] intel_mdf_battery msic_battery: MSIC-Register RW mismatch on try 3
<1>[    5.676383,1] intel_mdf_battery msic_battery: Error in MSIC-Register RW
<1>[    5.687936,0] max170xx_battery 1-0036: max17042_init_worker
<1>[    5.694590,0] intel_mdf_battery msic_battery: MSIC - TI AvP SN95031
<1>[    5.700832,0] max170xx_battery 1-0036: size:9e
<1>[    5.705215,0] max170xx_battery 1-0036: table_type:2
<1>[    5.710125,0] intel_mdf_battery msic_battery: ID0 = 0xca, retval=0
<1>[    5.716108,0] intel_mdf_battery msic_battery: ID1 = 0xc9i, retval=0
<1>[    5.722317,0] max170xx_battery 1-0036: config_init:1
<1>[    5.727436,0] max170xx_battery 1-0036: rcomp0:4e
<1>[    5.732098,0] max170xx_battery 1-0036: tempCo:e1a
<1>[    5.736737,0] max170xx_battery 1-0036: kempty0:2bb
<1>[    5.741517,0] max170xx_battery 1-0036: full_cap:fac
<1>[    5.746386,0] max170xx_battery 1-0036: cycles:af
<1>[    5.750978,0] max170xx_battery 1-0036: full_capnom:fab
<1>[    5.756099,0] max170xx_battery 1-0036: qrtbl00:0
<1>[    5.760695,0] max170xx_battery 1-0036: qrtbl10:0
<1>[    5.760703,1] intel_mdf_battery msic_battery: vbus_volt:-20
<1>[    5.760713,1] intel_mdf_battery msic_battery: fg chip found:max170xx_battery
<1>[    5.779628,1] intel_mdf_battery msic_battery: vbatt:3728125 temp:350
<1>[    5.785912,0] max170xx_battery 1-0036: qrtbl20:0
<1>[    5.786019,1] max170xx_battery 1-0036: max17042_init_worker
<1>[    5.796118,0] max170xx_battery 1-0036: qrtbl30:0
<1>[    5.800674,0] max170xx_battery 1-0036: full_soc_thr:0
<1>[    5.805714,0] max170xx_battery 1-0036: vempty:0
<1>[    5.810224,0] max170xx_battery 1-0036: soc_empty:192
<1>[    5.815177,0] max170xx_battery 1-0036: ichgt_term:1c0
<1>[    5.820209,0] max170xx_battery 1-0036: design_cap:fac
<1>[    5.825241,0] max170xx_battery 1-0036: etc:51c
<1>[    5.829675,0] max170xx_battery 1-0036: rsense:1
<1>[    5.834184,0] max170xx_battery 1-0036: cfg:2100
<1>[    5.838695,0] max170xx_battery 1-0036: learn_cfg:6
<1>[    5.843470,0] max170xx_battery 1-0036: filter_cfg:87a4
<1>[    5.848599,0] max170xx_battery 1-0036: relax_cfg:506b
<1>[    5.853626,0] max170xx_battery 1-0036: a420, 
<1>[    5.853640,1] snd_soc_mfld_machine: snd_mfld_driver_init called
<1>[    5.863876,0] max170xx_battery 1-0036: b750, 
<1>[    5.868036,0] max170xx_battery 1-0036: b960, 
<1>[    5.872374,0] max170xx_battery 1-0036: bae0, 
<1>[    5.876730,0] max170xx_battery 1-0036: bc30, 
<1>[    5.881087,0] max170xx_battery 1-0036: bd10, 
<1>[    5.885396,0] max170xx_battery 1-0036: bde0, 
<1>[    5.889737,0] max170xx_battery 1-0036: beb0, 
<1>[    5.894077,0] max170xx_battery 1-0036: bfe0, 
<1>[    5.898423,0] max170xx_battery 1-0036: c130, 
<1>[    5.902757,0] max170xx_battery 1-0036: c3d0, 
<1>[    5.907098,0] max170xx_battery 1-0036: c660, 
<1>[    5.911995,0] max170xx_battery 1-0036: c950, 
<1>[    5.916281,0] max170xx_battery 1-0036: cbe0, 
<1>[    5.920623,0] max170xx_battery 1-0036: d220, 
<1>[    5.924961,0] max170xx_battery 1-0036: d7b0, 
<1>[    5.929309,0] max170xx_battery 1-0036: 160, 
<1>[    5.933556,0] max170xx_battery 1-0036: 11d0, 
<1>[    5.937897,0] max170xx_battery 1-0036: 8d0, 
<1>[    5.942149,0] max170xx_battery 1-0036: 12c0, 
<1>[    5.946494,0] max170xx_battery 1-0036: 20f0, 
<1>[    5.950830,0] max170xx_battery 1-0036: 1a50, 
<1>[    5.955169,0] max170xx_battery 1-0036: 19f0, 
<1>[    5.959510,0] max170xx_battery 1-0036: 11c0, 
<1>[    5.963858,0] max170xx_battery 1-0036: fe0, 
<1>[    5.968104,0] max170xx_battery 1-0036: a70, 
<1>[    5.972357,0] max170xx_battery 1-0036: 980, 
<1>[    5.976612,0] max170xx_battery 1-0036: 900, 
<1>[    5.980870,0] max170xx_battery 1-0036: 960, 
<1>[    5.985116,0] max170xx_battery 1-0036: 6f0, 
<1>[    5.989371,0] max170xx_battery 1-0036: 710, 
<1>[    5.993624,0] max170xx_battery 1-0036: 710, 
<1>[    5.997884,0] max170xx_battery 1-0036: 100, 
<1>[    6.002133,0] max170xx_battery 1-0036: 100, 
<1>[    6.006388,0] max170xx_battery 1-0036: 100, 
<1>[    6.011615,0] max170xx_battery 1-0036: 100, 
<1>[    6.015812,0] max170xx_battery 1-0036: 100, 
<1>[    6.020066,0] max170xx_battery 1-0036: 100, 
<1>[    6.024320,0] max170xx_battery 1-0036: 100, 
<1>[    6.028579,0] max170xx_battery 1-0036: 100, 
<1>[    6.032825,0] max170xx_battery 1-0036: 100, 
<1>[    6.037081,0] max170xx_battery 1-0036: 100, 
<1>[    6.041333,0] max170xx_battery 1-0036: 100, 
<1>[    6.045592,0] max170xx_battery 1-0036: 100, 
<1>[    6.049839,0] max170xx_battery 1-0036: 100, 
<1>[    6.054095,0] max170xx_battery 1-0036: 100, 
<1>[    6.058347,0] max170xx_battery 1-0036: 100, 
<1>[    6.062605,0] max170xx_battery 1-0036: 100, 
<1>[    6.066855,0] max170xx_battery 1-0036: 
<1>[    6.072064,0] max170xx_battery 1-0036: Status reg: 8008
<1>[    6.080794,1] asoc: SN95031 Headset <-> Headset-cpu-dai mapping ok
<1>[    6.087137,1] asoc: SN95031 Speaker <-> Speaker-cpu-dai mapping ok
<1>[    6.093498,1] asoc: SN95031 Voice <-> Voice-cpu-dai mapping ok
<1>[    6.099780,1] input: medfield_audio Intel(R) MID Audio Jack as /devices/ipc/msic_audio/sound/card3/input5
<1>[    6.110022,1] Freeing unused kernel memory: 516k freed
<1>[    6.115625,1] Write protecting the kernel text: 7660k
<1>[    6.120864,1] Write protecting the kernel read-only data: 2572k
<1>[    6.129477,0] HSU serial 0000:00:05.1: 0000:00:05.0:HSU serial prevented me to suspend...
<1>[    6.137687,0] HSU serial 0000:00:05.1: 0000:00:05.0:HSU serial prevented me to suspend...
<1>[    6.145940,0] HSU serial 0000:00:05.1: 0000:00:05.0:HSU serial prevented me to suspend...
<1>[    6.154662,0] HSU serial 0000:00:05.1: 0000:00:05.0:HSU serial prevented me to suspend...
<1>[    6.162942,0] HSU serial 0000:00:05.1: 0000:00:05.0:HSU serial prevented me to suspend...
<1>[    6.171160,0] HSU serial 0000:00:05.1: 0000:00:05.0:HSU serial prevented me to suspend...
<1>[    6.179418,0] HSU serial 0000:00:05.1: 0000:00:05.0:HSU serial prevented me to suspend...
<1>[    6.187644,0] HSU serial 0000:00:05.1: 0000:00:05.0:HSU serial prevented me to suspend...
<1>[    6.195897,0] HSU serial 0000:00:05.1: 0000:00:05.0:HSU serial prevented me to suspend...
<1>[    6.204100,0] HSU serial 0000:00:05.1: 0000:00:05.0:HSU serial prevented me to suspend...
<1>[    6.212285,0] HSU serial 0000:00:05.1: 0000:00:05.0:HSU serial prevented me to suspend...
<1>[    6.220442,0] HSU serial 0000:00:05.1: 0000:00:05.0:HSU serial prevented me to suspend...
<1>[    6.228611,0] HSU serial 0000:00:05.1: 0000:00:05.0:HSU serial prevented me to suspend...
<1>[    6.236785,0] HSU serial 0000:00:05.1: 0000:00:05.0:HSU serial prevented me to suspend...
<1>[    6.244948,0] HSU serial 0000:00:05.1: 0000:00:05.0:HSU serial prevented me to suspend...
<1>[    6.253100,0] HSU serial 0000:00:05.1: 0000:00:05.0:HSU serial prevented me to suspend...
<1>[    6.261265,0] HSU serial 0000:00:05.1: 0000:00:05.0:HSU serial prevented me to suspend...
<1>[    6.269422,0] HSU serial 0000:00:05.1: 0000:00:05.0:HSU serial prevented me to suspend...
<1>[    6.277625,0] HSU serial 0000:00:05.1: 0000:00:05.0:HSU serial prevented me to suspend...
<1>[    6.285791,0] HSU serial 0000:00:05.1: 0000:00:05.0:HSU serial prevented me to suspend...
<1>[    6.293950,0] HSU serial 0000:00:05.1: 0000:00:05.0:HSU serial prevented me to suspend...
<1>[    6.302111,0] HSU serial 0000:00:05.1: 0000:00:05.0:HSU serial prevented me to suspend...
<1>[    6.310277,0] HSU serial 0000:00:05.1: 0000:00:05.0:HSU serial prevented me to suspend...
<1>[    6.318429,0] HSU serial 0000:00:05.1: 0000:00:05.0:HSU serial prevented me to suspend...
<1>[    6.326589,0] HSU serial 0000:00:05.1: 0000:00:05.0:HSU serial prevented me to suspend...
<1>[    6.335250,0] HSU serial 0000:00:05.1: 0000:00:05.0:HSU serial prevented me to suspend...
<1>[    6.343450,0] HSU serial 0000:00:05.1: 0000:00:05.0:HSU serial prevented me to suspend...
<1>[    6.351655,0] HSU serial 0000:00:05.1: 0000:00:05.0:HSU serial prevented me to suspend...
<1>[    6.359807,0] HSU serial 0000:00:05.1: 0000:00:05.0:HSU serial prevented me to suspend...
<1>[    6.367965,0] HSU serial 0000:00:05.1: 0000:00:05.0:HSU serial prevented me to suspend...
<1>[    6.376139,0] HSU serial 0000:00:05.1: 0000:00:05.0:HSU serial prevented me to suspend...
<1>[    6.384342,0] HSU serial 0000:00:05.1: 0000:00:05.0:HSU serial prevented me to suspend...
<1>[    6.392573,0] HSU serial 0000:00:05.1: 0000:00:05.0:HSU serial prevented me to suspend...
<1>[    6.400859,0] HSU serial 0000:00:05.1: 0000:00:05.0:HSU serial prevented me to suspend...
<1>[    6.409076,0] HSU serial 0000:00:05.1: 0000:00:05.0:HSU serial prevented me to suspend...
<1>[    6.411163,1] keychord: using input dev msic_power_btn for fevent
<1>[    6.423621,1] HSU serial 0000:00:05.1: 0000:00:05.0:HSU serial prevented me to suspend...
<1>[    6.431863,1] keychord: using input dev gpio-keys for fevent
<1>[    6.432303,1] HSU serial 0000:00:05.1: 0000:00:05.0:HSU serial prevented me to suspend...
<1>[    6.447901,1] HSU serial 0000:00:05.1: 0000:00:05.0:HSU serial prevented me to suspend...
<1>[    6.456076,1] EXT4-fs (mmcblk0p1): VFS: Can't find ext4 filesystem
<1>[    6.462872,1] HSU serial 0000:00:05.1: 0000:00:05.0:HSU serial prevented me to suspend...
<1>[    6.471024,1] HSU serial 0000:00:05.1: 0000:00:05.0:HSU serial prevented me to suspend...
<1>[    6.479182,1] HSU serial 0000:00:05.1: 0000:00:05.0:HSU serial prevented me to suspend...
<1>[    6.487360,1] HSU serial 0000:00:05.1: 0000:00:05.0:HSU serial prevented me to suspend...
<1>[    6.495551,1] HSU serial 0000:00:05.1: 0000:00:05.0:HSU serial prevented me to suspend...
<1>[    6.500920,0] EXT4-fs (mmcblk0p16): mounted filesystem with ordered data mode. Opts: (null)
<1>[    6.512143,0] HSU serial 0000:00:05.1: 0000:00:05.0:HSU serial prevented me to suspend...
<1>[    6.520520,0] HSU serial 0000:00:05.1: 0000:00:05.0:HSU serial prevented me to suspend...
<1>[    6.528771,0] HSU serial 0000:00:05.1: 0000:00:05.0:HSU serial prevented me to suspend...
<1>[    6.536982,0] HSU serial 0000:00:05.1: 0000:00:05.0:HSU serial prevented me to suspend...
<1>[    6.545468,0] HSU serial 0000:00:05.1: 0000:00:05.0:HSU serial prevented me to suspend...
<1>[    6.553638,0] HSU serial 0000:00:05.1: 0000:00:05.0:HSU serial prevented me to suspend...
<1>[    6.561803,0] HSU serial 0000:00:05.1: 0000:00:05.0:HSU serial prevented me to suspend...
<1>[    6.569964,0] HSU serial 0000:00:05.1: 0000:00:05.0:HSU serial prevented me to suspend...
<1>[    6.578225,0] HSU serial 0000:00:05.1: 0000:00:05.0:HSU serial prevented me to suspend...
<1>[    6.586548,0] HSU serial 0000:00:05.1: 0000:00:05.0:HSU serial prevented me to suspend...
<1>[    6.594768,0] EXT4-fs (mmcblk0p14): mounted filesystem with ordered data mode. Opts: data=ordered,nodelalloc
<1>[    6.595027,0] HSU serial 0000:00:05.1: 0000:00:05.0:HSU serial prevented me to suspend...
<1>[    6.613130,0] HSU serial 0000:00:05.1: 0000:00:05.0:HSU serial prevented me to suspend...
<1>[    6.621355,0] HSU serial 0000:00:05.1: 0000:00:05.0:HSU serial prevented me to suspend...
<1>[    6.629833,0] HSU serial 0000:00:05.1: 0000:00:05.0:HSU serial prevented me to suspend...
<1>[    6.638002,0] HSU serial 0000:00:05.1: 0000:00:05.0:HSU serial prevented me to suspend...
<1>[    6.646184,0] HSU serial 0000:00:05.1: 0000:00:05.0:HSU serial prevented me to suspend...
<1>[    6.654343,0] HSU serial 0000:00:05.1: 0000:00:05.0:HSU serial prevented me to suspend...
<1>[    6.662566,0] HSU serial 0000:00:05.1: 0000:00:05.0:HSU serial prevented me to suspend...
<1>[    6.670766,0] HSU serial 0000:00:05.1: 0000:00:05.0:HSU serial prevented me to suspend...
<1>[    6.679038,0] HSU serial 0000:00:05.1: 0000:00:05.0:HSU serial prevented me to suspend...
<1>[    6.687271,0] EXT4-fs (mmcblk0p17): mounted filesystem with ordered data mode. Opts: data=ordered,nodelalloc
<1>[    6.687585,0] HSU serial 0000:00:05.1: 0000:00:05.0:HSU serial prevented me to suspend...
<1>[    6.705672,0] HSU serial 0000:00:05.1: 0000:00:05.0:HSU serial prevented me to suspend...
<1>[    6.713910,0] HSU serial 0000:00:05.1: 0000:00:05.0:HSU serial prevented me to suspend...
<1>[    6.722393,0] HSU serial 0000:00:05.1: 0000:00:05.0:HSU serial prevented me to suspend...
<1>[    6.730566,0] HSU serial 0000:00:05.1: 0000:00:05.0:HSU serial prevented me to suspend...
<1>[    6.738729,0] HSU serial 0000:00:05.1: 0000:00:05.0:HSU serial prevented me to suspend...
<1>[    6.746901,0] HSU serial 0000:00:05.1: 0000:00:05.0:HSU serial prevented me to suspend...
<1>[    6.755111,0] HSU serial 0000:00:05.1: 0000:00:05.0:HSU serial prevented me to suspend...
<1>[    6.763378,0] HSU serial 0000:00:05.1: 0000:00:05.0:HSU serial prevented me to suspend...
<1>[    6.771517,0] HSU serial 0000:00:05.1: 0000:00:05.0:HSU serial prevented me to suspend...
<1>[    6.779762,0] EXT4-fs (mmcblk0p12): mounted filesystem with ordered data mode. Opts: data=ordered,nodelalloc
<1>[    6.779974,0] HSU serial 0000:00:05.1: 0000:00:05.0:HSU serial prevented me to suspend...
<1>[    6.798157,0] HSU serial 0000:00:05.1: 0000:00:05.0:HSU serial prevented me to suspend...
<1>[    6.806598,0] HSU serial 0000:00:05.1: 0000:00:05.0:HSU serial prevented me to suspend...
<1>[    6.814783,0] HSU serial 0000:00:05.1: 0000:00:05.0:HSU serial prevented me to suspend...
<1>[    6.822946,0] HSU serial 0000:00:05.1: 0000:00:05.0:HSU serial prevented me to suspend...
<1>[    6.831105,0] HSU serial 0000:00:05.1: 0000:00:05.0:HSU serial prevented me to suspend...
<1>[    6.839595,0] HSU serial 0000:00:05.1: 0000:00:05.0:HSU serial prevented me to suspend...
<1>[    6.847754,0] HSU serial 0000:00:05.1: 0000:00:05.0:HSU serial prevented me to suspend...
<1>[    6.855905,0] HSU serial 0000:00:05.1: 0000:00:05.0:HSU serial prevented me to suspend...
<1>[    6.864078,0] HSU serial 0000:00:05.1: 0000:00:05.0:HSU serial prevented me to suspend...
<1>[    6.872252,0] HSU serial 0000:00:05.1: 0000:00:05.0:HSU serial prevented me to suspend...
<1>[    6.880403,0] HSU serial 0000:00:05.1: 0000:00:05.0:HSU serial prevented me to suspend...
<1>[    6.888550,0] HSU serial 0000:00:05.1: 0000:00:05.0:HSU serial prevented me to suspend...
<1>[    6.897246,0] HSU serial 0000:00:05.1: 0000:00:05.0:HSU serial prevented me to suspend...
<1>[    6.906131,0] HSU serial 0000:00:05.1: 0000:00:05.0:HSU serial prevented me to suspend...
<1>[    6.914330,0] HSU serial 0000:00:05.1: 0000:00:05.0:HSU serial prevented me to suspend...
<1>[    6.922601,0] HSU serial 0000:00:05.1: 0000:00:05.0:HSU serial prevented me to suspend...
<1>[    6.930826,0] HSU serial 0000:00:05.1: 0000:00:05.0:HSU serial prevented me to suspend...
<1>[    6.939012,0] HSU serial 0000:00:05.1: 0000:00:05.0:HSU serial prevented me to suspend...
<1>[    6.947211,0] HSU serial 0000:00:05.1: 0000:00:05.0:HSU serial prevented me to suspend...
<1>[    6.955416,0] HSU serial 0000:00:05.1: 0000:00:05.0:HSU serial prevented me to suspend...
<1>[    6.963596,0] HSU serial 0000:00:05.1: 0000:00:05.0:HSU serial prevented me to suspend...
<1>[    6.971809,0] HSU serial 0000:00:05.1: 0000:00:05.0:HSU serial prevented me to suspend...
<1>[    6.980027,0] HSU serial 0000:00:05.1: 0000:00:05.0:HSU serial prevented me to suspend...
<1>[    6.988257,0] HSU serial 0000:00:05.1: 0000:00:05.0:HSU serial prevented me to suspend...
<1>[    6.996482,0] HSU serial 0000:00:05.1: 0000:00:05.0:HSU serial prevented me to suspend...
<1>[    7.004679,0] HSU serial 0000:00:05.1: 0000:00:05.0:HSU serial prevented me to suspend...
<1>[    7.012925,0] atmxt_tdat_callback: Processing atmxt-r1.tdat...
<1>[    7.018794,0] HSU serial 0000:00:05.1: 0000:00:05.0:HSU serial prevented me to suspend...
<1>[    7.027335,0] input: atmxt-i2c as /devices/virtual/input/input6
<1>[    7.033526,0] HSU serial 0000:00:05.1: 0000:00:05.0:HSU serial prevented me to suspend...
<1>[    7.041714,0] HSU serial 0000:00:05.1: 0000:00:05.0:HSU serial prevented me to suspend...
<1>[    7.049907,0] HSU serial 0000:00:05.1: 0000:00:05.0:HSU serial prevented me to suspend...
<1>[    7.058102,0] HSU serial 0000:00:05.1: 0000:00:05.0:HSU serial prevented me to suspend...
<1>[    7.066280,0] HSU serial 0000:00:05.1: 0000:00:05.0:HSU serial prevented me to suspend...
<1>[    7.074498,0] HSU serial 0000:00:05.1: 0000:00:05.0:HSU serial prevented me to suspend...
<1>[    7.082680,0] HSU serial 0000:00:05.1: 0000:00:05.0:HSU serial prevented me to suspend...
<1>[    7.090852,0] HSU serial 0000:00:05.1: 0000:00:05.0:HSU serial prevented me to suspend...
<1>[    7.098989,1] atmxt_set_ic_state: IC state UNKNOWN -> PRESENT
<1>[    7.099023,1] atmxt_restart_ic: Family ID: 0x82, Variant ID: 0x1A, Version: 0x10, Build: 0xAA, Matrix: 24x14, Objects: 22
<1>[    7.099056,0] HSU serial 0000:00:05.1: 0000:00:05.0:HSU serial prevented me to suspend...
<1>[    7.123992,1] HSU serial 0000:00:05.1: 0000:00:05.0:HSU serial prevented me to suspend...
<1>[    7.132259,1] HSU serial 0000:00:05.1: 0000:00:05.0:HSU serial prevented me to suspend...
<1>[    7.132698,0] atmxt_message_handler6: Touch IC reset complete.
<1>[    7.146377,0] HSU serial 0000:00:05.1: 0000:00:05.0:HSU serial prevented me to suspend...
<1>[    7.154634,0] HSU serial 0000:00:05.1: 0000:00:05.0:HSU serial prevented me to suspend...
<1>[    7.154802,1] atmxt_message_handler6: Touch IC is calibrating.
<1>[    7.169356,1] HSU serial 0000:00:05.1: 0000:00:05.0:HSU serial prevented me to suspend...
<1>[    7.172462,0] atmxt_set_ic_state: IC state PRESENT -> ACTIVE
<1>[    7.183325,0] HSU serial 0000:00:05.1: 0000:00:05.0:HSU serial prevented me to suspend...
<1>[    7.192205,0] HSU serial 0000:00:05.1: 0000:00:05.0:HSU serial prevented me to suspend...
<1>[    7.200595,1] moto_crypto_main: moto_crypto_init
<1>[    7.200607,0] atmxt_set_drv_state: Driver state WAITING -> ACTIVE
<1>[    7.200623,0] atmxt_tdat_callback: Touch initialization successful.
<1>[    7.201640,0] atmxt_message_handler6: Touch IC calibration complete.
<1>[    7.220229,0] atmxt_message_handler6: Touch IC is calibrating.
<1>[    7.229815,1] HSU serial 0000:00:05.1: 0000:00:05.0:HSU serial prevented me to suspend...
<1>[    7.237890,1] moto_crypto_main: fips_enabled=1
<1>[    7.242404,1] moto_crypto_main: fault_injection_mask_string=(null)
<1>[    7.248782,1] HSU serial 0000:00:05.1: 0000:00:05.0:HSU serial prevented me to suspend...
<1>[    7.248799,0] ecb(aes) register result: 0
<1>[    7.248806,0] moto_alg_test_skcipher driver=moto-aes-ecb type=0 mask=0
<1>[    7.248856,0] moto_crypto: self-tests for moto-aes-ecb (ecb(aes)) passed
<1>[    7.248861,0] ecb(aes) test result: 0
<1>[    7.248964,0] cbc(aes) register result: 0
<1>[    7.248993,0] moto_alg_test_skcipher driver=moto-aes-cbc type=0 mask=0
<1>[    7.288565,0] HSU serial 0000:00:05.1: 0000:00:05.0:HSU serial prevented me to suspend...
<1>[    7.296664,0] atmxt_message_handler6: Touch IC calibration complete.
<1>[    7.303176,0] HSU serial 0000:00:05.1: 0000:00:05.0:HSU serial prevented me to suspend...
<1>[    7.311313,0] HSU serial 0000:00:05.1: 0000:00:05.0:HSU serial prevented me to suspend...
<1>[    7.319476,0] HSU serial 0000:00:05.1: 0000:00:05.0:HSU serial prevented me to suspend...
<1>[    7.327630,0] HSU serial 0000:00:05.1: 0000:00:05.0:HSU serial prevented me to suspend...
<1>[    7.335827,0] HSU serial 0000:00:05.1: 0000:00:05.0:HSU serial prevented me to suspend...
<1>[    7.344036,0] HSU serial 0000:00:05.1: 0000:00:05.0:HSU serial prevented me to suspend...
<1>[    7.352263,0] moto_crypto: self-tests for moto-aes-cbc (cbc(aes)) passed
<1>[    7.359080,0] cbc(aes) test result: 0
<1>[    7.359192,1] ctr(aes) register result: 0
<1>[    7.359232,1] moto_alg_test_skcipher driver=moto-aes-ctr type=0 mask=0
<1>[    7.359559,0] HSU serial 0000:00:05.1: 0000:00:05.0:HSU serial prevented me to suspend...
<1>[    7.381990,0] moto_crypto: self-tests for moto-aes-ctr (ctr(aes)) passed
<1>[    7.382026,0] ctr(aes) test result: 0
<1>[    7.382036,1] HSU serial 0000:00:05.1: 0000:00:05.0:HSU serial prevented me to suspend...
<1>[    7.400516,0] ecb(des3) register result: 0
<1>[    7.404684,0] moto_alg_test_skcipher driver=moto-des3-ecb type=0 mask=0
<1>[    7.411341,0] HSU serial 0000:00:05.1: 0000:00:05.0:HSU serial prevented me to suspend...
<1>[    7.411842,1] moto_crypto: self-tests for moto-des3-ecb (ecb(des3_ede)) passed
<1>[    7.426759,1] ecb(des3_ede) test result: 0
<1>[    7.426859,1] cbc(des3) register result: 0
<1>[    7.426884,1] moto_alg_test_skcipher driver=moto-des3-cbc type=0 mask=0
<1>[    7.426930,1] HSU serial 0000:00:05.1: 0000:00:05.0:HSU serial prevented me to suspend...
<1>[    7.449880,1] HSU serial 0000:00:05.1: 0000:00:05.0:HSU serial prevented me to suspend...
<1>[    7.458104,1] moto_crypto: self-tests for moto-des3-cbc (cbc(des3_ede)) passed
<1>[    7.465339,0] cbc(des3_ede) test result: 0
<1>[    7.465420,1] HSU serial 0000:00:05.1: 0000:00:05.0:HSU serial prevented me to suspend...
<1>[    7.477653,0] sha1 register result: 0
<1>[    7.477704,1] HSU serial 0000:00:05.1: 0000:00:05.0:HSU serial prevented me to suspend...
<1>[    7.477769,0] moto_crypto: self-tests for moto-sha1 (sha1) passed
<1>[    7.477808,0] sha1 test result: 0
<1>[    7.477958,1] sha224 register result: 0
<1>[    7.502904,1] HSU serial 0000:00:05.1: 0000:00:05.0:HSU serial prevented me to suspend...
<1>[    7.511059,1] HSU serial 0000:00:05.1: 0000:00:05.0:HSU serial prevented me to suspend...
<1>[    7.519195,1] HSU serial 0000:00:05.1: 0000:00:05.0:HSU serial prevented me to suspend...
<1>[    7.527355,1] HSU serial 0000:00:05.1: 0000:00:05.0:HSU serial prevented me to suspend...
<1>[    7.527663,0] moto_crypto: self-tests for moto-sha224 (sha224) passed
<1>[    7.542038,0] HSU serial 0000:00:05.1: 0000:00:05.0:HSU serial prevented me to suspend...
<1>[    7.550172,0] HSU serial 0000:00:05.1: 0000:00:05.0:HSU serial prevented me to suspend...
<1>[    7.550569,1] sha224 test result: 0
<1>[    7.561894,1] HSU serial 0000:00:05.1: 0000:00:05.0:HSU serial prevented me to suspend...
<1>[    7.570065,1] HSU serial 0000:00:05.1: 0000:00:05.0:HSU serial prevented me to suspend...
<1>[    7.570112,1] sha256 register result: 0
<1>[    7.570162,1] moto_crypto: self-tests for moto-sha256 (sha256) passed
<1>[    7.570183,1] sha256 test result: 0
<1>[    7.592110,1] moto_crypto: self-tests for moto-sha384 (sha384) passed
<1>[    7.598523,0] sha384 test result: 0
<1>[    7.602067,0] HSU serial 0000:00:05.1: 0000:00:05.0:HSU serial prevented me to suspend...
<1>[    7.610248,0] HSU serial 0000:00:05.1: 0000:00:05.0:HSU serial prevented me to suspend...
<1>[    7.618473,0] moto_crypto: self-tests for moto-sha512 (sha512) passed
<1>[    7.624923,0] HSU serial 0000:00:05.1: 0000:00:05.0:HSU serial prevented me to suspend...
<1>[    7.625450,1] sha512 test result: 0
<1>[    7.636624,1] HSU serial 0000:00:05.1: 0000:00:05.0:HSU serial prevented me to suspend...
<1>[    7.644701,1] moto_hmac register result: 0
<1>[    7.648954,1] HSU serial 0000:00:05.1: 0000:00:05.0:HSU serial prevented me to suspend...
<1>[    7.657202,1] HSU serial 0000:00:05.1: 0000:00:05.0:HSU serial prevented me to suspend...
<1>[    7.657227,0] alg: No test for moto_hmac(sha1) (moto_hmac(moto-sha1))
<1>[    7.657571,1] moto_crypto: self-tests for moto_hmac(moto-sha1) (moto_hmac(moto-sha1)) passed
<1>[    7.657598,1] moto_hmac(moto-sha1) test result: 0
<1>[    7.685358,1] HSU serial 0000:00:05.1: 0000:00:05.0:HSU serial prevented me to suspend...
<1>[    7.685560,0] alg: No test for moto_hmac(sha224) (moto_hmac(moto-sha224))
<1>[    7.700469,0] HSU serial 0000:00:05.1: 0000:00:05.0:HSU serial prevented me to suspend...
<1>[    7.708655,0] HSU serial 0000:00:05.1: 0000:00:05.0:HSU serial prevented me to suspend...
<1>[    7.708885,1] moto_crypto: self-tests for moto_hmac(moto-sha224) (moto_hmac(moto-sha224)) passed
<1>[    7.725619,0] moto_hmac(moto-sha224) test result: 0
<1>[    7.725695,1] HSU serial 0000:00:05.1: 0000:00:05.0:HSU serial prevented me to suspend...
<1>[    7.738794,0] HSU serial 0000:00:05.1: 0000:00:05.0:HSU serial prevented me to suspend...
<1>[    7.738980,1] alg: No test for moto_hmac(sha256) (moto_hmac(moto-sha256))
<1>[    7.753872,1] HSU serial 0000:00:05.1: 0000:00:05.0:HSU serial prevented me to suspend...
<1>[    7.762060,1] HSU serial 0000:00:05.1: 0000:00:05.0:HSU serial prevented me to suspend...
<1>[    7.762554,0] moto_crypto: self-tests for moto_hmac(moto-sha256) (moto_hmac(moto-sha256)) passed
<1>[    7.779119,0] HSU serial 0000:00:05.1: 0000:00:05.0:HSU serial prevented me to suspend...
<1>[    7.787274,0] HSU serial 0000:00:05.1: 0000:00:05.0:HSU serial prevented me to suspend...
<1>[    7.795377,0] moto_hmac(moto-sha256) test result: 0
<1>[    7.800413,0] HSU serial 0000:00:05.1: 0000:00:05.0:HSU serial prevented me to suspend...
<1>[    7.808607,0] HSU serial 0000:00:05.1: 0000:00:05.0:HSU serial prevented me to suspend...
<1>[    7.808796,1] alg: No test for moto_hmac(sha384) (moto_hmac(moto-sha384))
<1>[    7.823686,1] HSU serial 0000:00:05.1: 0000:00:05.0:HSU serial prevented me to suspend...
<1>[    7.831887,1] HSU serial 0000:00:05.1: 0000:00:05.0:HSU serial prevented me to suspend...
<1>[    7.832771,0] moto_crypto: self-tests for moto_hmac(moto-sha384) (moto_hmac(moto-sha384)) passed
<1>[    7.848934,0] HSU serial 0000:00:05.1: 0000:00:05.0:HSU serial prevented me to suspend...
<1>[    7.857090,0] HSU serial 0000:00:05.1: 0000:00:05.0:HSU serial prevented me to suspend...
<1>[    7.865177,0] moto_hmac(moto-sha384) test result: 0
<1>[    7.870210,0] HSU serial 0000:00:05.1: 0000:00:05.0:HSU serial prevented me to suspend...
<1>[    7.878417,0] HSU serial 0000:00:05.1: 0000:00:05.0:HSU serial prevented me to suspend...
<1>[    7.878600,1] alg: No test for moto_hmac(sha512) (moto_hmac(moto-sha512))
<1>[    7.893503,1] HSU serial 0000:00:05.1: 0000:00:05.0:HSU serial prevented me to suspend...
<1>[    7.901701,1] HSU serial 0000:00:05.1: 0000:00:05.0:HSU serial prevented me to suspend...
<1>[    7.902585,0] moto_crypto: self-tests for moto_hmac(moto-sha512) (moto_hmac(moto-sha512)) passed
<1>[    7.918747,0] HSU serial 0000:00:05.1: 0000:00:05.0:HSU serial prevented me to suspend...
<1>[    7.926881,0] HSU serial 0000:00:05.1: 0000:00:05.0:HSU serial prevented me to suspend...
<1>[    7.934984,0] moto_hmac(moto-sha512) test result: 0
<1>[    7.940022,0] HSU serial 0000:00:05.1: 0000:00:05.0:HSU serial prevented me to suspend...
<1>[    7.948179,0] HSU serial 0000:00:05.1: 0000:00:05.0:HSU serial prevented me to suspend...
<1>[    7.956342,0] HSU serial 0000:00:05.1: 0000:00:05.0:HSU serial prevented me to suspend...
<1>[    7.964507,0] HSU serial 0000:00:05.1: 0000:00:05.0:HSU serial prevented me to suspend...
<1>[    7.972669,0] HSU serial 0000:00:05.1: 0000:00:05.0:HSU serial prevented me to suspend...
<1>[    7.980844,0] HSU serial 0000:00:05.1: 0000:00:05.0:HSU serial prevented me to suspend...
<1>[    7.988959,0] moto_ansi_cprng register result: 0
<1>[    7.994917,0] HSU serial 0000:00:05.1: 0000:00:05.0:HSU serial prevented me to suspend...
<1>[    8.014878,0] HSU serial 0000:00:05.1: 0000:00:05.0:HSU serial prevented me to suspend...
<1>[    8.028851,0] HSU serial 0000:00:05.1: 0000:00:05.0:HSU serial prevented me to suspend...
<1>[    8.048824,0] HSU serial 0000:00:05.1: 0000:00:05.0:HSU serial prevented me to suspend...
<1>[    8.057587,0] moto_crypto: self-tests for moto_fips_ansi_cprng (ansi_cprng) passed
<1>[    8.065151,0] HSU serial 0000:00:05.1: 0000:00:05.0:HSU serial prevented me to suspend...
<1>[    8.073224,0] moto_ansi_cprng test result: 0
<1>[    8.077570,0] alg_name=moto_hmac(moto-sha256) driver_name=moto_hmac(moto-sha256) digest_length=32
<1>[    8.086491,0] HSU serial 0000:00:05.1: 0000:00:05.0:HSU serial prevented me to suspend...
<1>[    8.094623,0] HSU serial 0000:00:05.1: 0000:00:05.0:HSU serial prevented me to suspend...
<1>[    8.108829,0] HSU serial 0000:00:05.1: 0000:00:05.0:HSU serial prevented me to suspend...
<1>[    8.128727,0] HSU serial 0000:00:05.1: 0000:00:05.0:HSU serial prevented me to suspend...
<1>[    8.138022,0] moto_hmac(moto-sha256): digest successful
<1>[    8.143240,0] HSU serial 0000:00:05.1: 0000:00:05.0:HSU serial prevented me to suspend...
<1>[    8.151310,0] FIPS crypto module integrity check passed
<1>[    8.156605,0] moto_crypto_main: moto_crypto_init successful initialization
<1>[    8.163528,0] HSU serial 0000:00:05.1: 0000:00:05.0:HSU serial prevented me to suspend...
<1>[    8.171608,0] failures: 0
<1>[    8.174299,0] moto_crypto_main: Time to init: 927 msec
<1>[    8.179496,0] HSU serial 0000:00:05.1: 0000:00:05.0:HSU serial prevented me to suspend...
<1>[    8.188023,0] moto_crypto_attr_show: fips_enabled=1
<1>[    8.192923,0] HSU serial 0000:00:05.1: 0000:00:05.0:HSU serial prevented me to suspend...
<1>[    8.201056,0] moto_crypto_attr_show: fips_post_result=0
<1>[    8.206365,0] HSU serial 0000:00:05.1: 0000:00:05.0:HSU serial prevented me to suspend...
<1>[    8.214730,0] HSU serial 0000:00:05.1: 0000:00:05.0:HSU serial prevented me to suspend...
<1>[    8.222923,0] HSU serial 0000:00:05.1: 0000:00:05.0:HSU serial prevented me to suspend...
<1>[    8.231085,0] HSU serial 0000:00:05.1: 0000:00:05.0:HSU serial prevented me to suspend...
<1>[    8.239268,0] HSU serial 0000:00:05.1: 0000:00:05.0:HSU serial prevented me to suspend...
<1>[    8.247456,0] HSU serial 0000:00:05.1: 0000:00:05.0:HSU serial prevented me to suspend...
<1>[    8.255638,0] HSU serial 0000:00:05.1: 0000:00:05.0:HSU serial prevented me to suspend...
<1>[    8.263823,0] HSU serial 0000:00:05.1: 0000:00:05.0:HSU serial prevented me to suspend...
<1>[    8.271978,0] HSU serial 0000:00:05.1: 0000:00:05.0:HSU serial prevented me to suspend...
<1>[    8.280139,1] Bluetooth: Bluetooth Driver for TI WiLink - Version 1.0
<1>[    8.280218,0] HSU serial 0000:00:05.1: 0000:00:05.0:HSU serial prevented me to suspend...
<1>[    8.295024,1] (stc): st_register(2) 
<1>[    8.298366,1] (stc):  chnl_id list empty :2 
<1>[    8.303383,1] (stk) : st_kim_start
<1>[    8.315528,1] HSU serial 0000:00:05.1: 0000:00:05.0:HSU serial prevented me to suspend...
<1>[    8.329407,1] HSU serial 0000:00:05.1: 0000:00:05.0:HSU serial prevented me to suspend...
<1>[    8.349375,1] HSU serial 0000:00:05.1: 0000:00:05.0:HSU serial prevented me to suspend...
<1>[    8.363398,1] HSU serial 0000:00:05.1: 0000:00:05.0:HSU serial prevented me to suspend...
<1>[    8.371873,0] mt9e013_module_power_ctrl 0
<1>[    8.375874,0] mt9e013_module_power_ctrl: already off
<1>[    8.380880,0] HSU serial 0000:00:05.1: 0000:00:05.0:HSU serial prevented me to suspend...
<1>[    8.389066,0] HSU serial 0000:00:05.1: 0000:00:05.0:HSU serial prevented me to suspend...
<1>[    8.397236,0] HSU serial 0000:00:05.1: 0000:00:05.0:HSU serial prevented me to suspend...
<1>[    8.405396,0] HSU serial 0000:00:05.1: 0000:00:05.0:HSU serial prevented me to suspend...
<1>[    8.413495,0] mt9e013_module_power_ctrl 1
<1>[    8.417578,0] mt9e013_module_power_ctrl ON
<1>[    8.422182,0] HSU serial 0000:00:05.1: 0000:00:05.0:HSU serial prevented me to suspend...
<1>[    8.431063,0] HSU serial 0000:00:05.1: 0000:00:05.0:HSU serial prevented me to suspend...
<1>[    8.439256,0] HSU serial 0000:00:05.1: 0000:00:05.0:HSU serial prevented me to suspend...
<1>[    8.443471,1] (stk) :ldisc_install = 1
<1>[    8.451062,1] HSU serial 0000:00:05.1: 0000:00:05.0:HSU serial prevented me to suspend...
<1>[    8.459390,1] HSU serial 0000:00:05.1: 0000:00:05.0:HSU serial prevented me to suspend...
<1>[    8.467550,1] HSU serial 0000:00:05.1: 0000:00:05.0:HSU serial prevented me to suspend...
<1>[    8.475719,1] HSU serial 0000:00:05.1: 0000:00:05.0:HSU serial prevented me to suspend...
<1>[    8.483869,1] HSU serial 0000:00:05.1: 0000:00:05.0:HSU serial prevented me to suspend...
<1>[    8.492033,1] HSU serial 0000:00:05.1: 0000:00:05.0:HSU serial prevented me to suspend...
<1>[    8.500206,1] HSU serial 0000:00:05.1: 0000:00:05.0:HSU serial prevented me to suspend...
<1>[    8.500354,0] mt9e013: sensor_id = 0x4b00
<1>[    8.512437,0] HSU serial 0000:00:05.1: 0000:00:05.0:HSU serial prevented me to suspend...
<1>[    8.520583,0] HSU serial 0000:00:05.1: 0000:00:05.0:HSU serial prevented me to suspend...
<1>[    8.528744,0] HSU serial 0000:00:05.1: 0000:00:05.0:HSU serial prevented me to suspend...
<1>[    8.536902,0] HSU serial 0000:00:05.1: 0000:00:05.0:HSU serial prevented me to suspend...
<1>[    8.545068,0] HSU serial 0000:00:05.1: 0000:00:05.0:HSU serial prevented me to suspend...
<1>[    8.553227,0] HSU serial 0000:00:05.1: 0000:00:05.0:HSU serial prevented me to suspend...
<1>[    8.561329,1] mt9e013: __mt9e013_otp_read: OTP memory was initialized with error
<1>[    8.561391,0] HSU serial 0000:00:05.1: 0000:00:05.0:HSU serial prevented me to suspend...
<1>[    8.576954,0] HSU serial 0000:00:05.1: 0000:00:05.0:HSU serial prevented me to suspend...
<1>[    8.585097,0] HSU serial 0000:00:05.1: 0000:00:05.0:HSU serial prevented me to suspend...
<1>[    8.593259,0] HSU serial 0000:00:05.1: 0000:00:05.0:HSU serial prevented me to suspend...
<1>[    8.601374,1] mt9e013: __mt9e013_otp_read: OTP memory was initialized with error
<1>[    8.601433,0] HSU serial 0000:00:05.1: 0000:00:05.0:HSU serial prevented me to suspend...
<1>[    8.616970,0] HSU serial 0000:00:05.1: 0000:00:05.0:HSU serial prevented me to suspend...
<1>[    8.625131,0] HSU serial 0000:00:05.1: 0000:00:05.0:HSU serial prevented me to suspend...
<1>[    8.633287,0] HSU serial 0000:00:05.1: 0000:00:05.0:HSU serial prevented me to suspend...
<1>[    8.641390,1] mt9e013: __mt9e013_otp_read: OTP memory was initialized with error
<1>[    8.641427,1] mt9e013: mt9e013_otp_read: sensor found no valid OTP data
<1>[    8.641448,0] HSU serial 0000:00:05.1: 0000:00:05.0:HSU serial prevented me to suspend...
<1>[    8.641839,0] mt9e013_module_power_ctrl 0
<1>[    8.667683,0] HSU serial 0000:00:05.1: 0000:00:05.0:HSU serial prevented me to suspend...
<1>[    8.675821,0] HSU serial 0000:00:05.1: 0000:00:05.0:HSU serial prevented me to suspend...
<1>[    8.683975,0] HSU serial 0000:00:05.1: 0000:00:05.0:HSU serial prevented me to suspend...
<1>[    8.691806,1] mt9e013_module_power_ctrl OFF
<1>[    8.696410,1] HSU serial 0000:00:05.1: 0000:00:05.0:HSU serial prevented me to suspend...
<1>[    8.704572,1] HSU serial 0000:00:05.1: 0000:00:05.0:HSU serial prevented me to suspend...
<1>[    8.712733,1] HSU serial 0000:00:05.1: 0000:00:05.0:HSU serial prevented me to suspend...
<1>[    8.712772,0] mt9e013: mt9e013_probe: driver successfully probed using setting: Enzo
<1>[    8.728570,0] atomisp: Subdev mt9e013 successfully register
<1>[    8.734294,0] HSU serial 0000:00:05.1: 0000:00:05.0:HSU serial prevented me to suspend...
<1>[    8.742492,0] ov7736_probe
<1>[    8.745173,0] ov7736_s_power 1
<1>[    8.748281,0] HSU serial 0000:00:05.1: 0000:00:05.0:HSU serial prevented me to suspend...
<1>[    8.756357,0] power_up
<1>[    8.758783,0] ov7736_power_ctrl 1
<1>[    8.762095,0] ov7736_power_ctrl ON
<1>[    8.766582,0] HSU serial 0000:00:05.1: 0000:00:05.0:HSU serial prevented me to suspend...
<1>[    8.774778,0] HSU serial 0000:00:05.1: 0000:00:05.0:HSU serial prevented me to suspend...
<1>[    8.782910,0] HSU serial 0000:00:05.1: 0000:00:05.0:HSU serial prevented me to suspend...
<1>[    8.791069,0] HSU serial 0000:00:05.1: 0000:00:05.0:HSU serial prevented me to suspend...
<1>[    8.799236,0] HSU serial 0000:00:05.1: 0000:00:05.0:HSU serial prevented me to suspend...
<1>[    8.807390,0] HSU serial 0000:00:05.1: 0000:00:05.0:HSU serial prevented me to suspend...
<1>[    8.815564,0] HSU serial 0000:00:05.1: 0000:00:05.0:HSU serial prevented me to suspend...
<1>[    8.823717,0] HSU serial 0000:00:05.1: 0000:00:05.0:HSU serial prevented me to suspend...
<1>[    8.831876,0] HSU serial 0000:00:05.1: 0000:00:05.0:HSU serial prevented me to suspend...
<1>[    8.840037,0] HSU serial 0000:00:05.1: 0000:00:05.0:HSU serial prevented me to suspend...
<1>[    8.848196,0] HSU serial 0000:00:05.1: 0000:00:05.0:HSU serial prevented me to suspend...
<1>[    8.856356,0] HSU serial 0000:00:05.1: 0000:00:05.0:HSU serial prevented me to suspend...
<1>[    8.864515,0] HSU serial 0000:00:05.1: 0000:00:05.0:HSU serial prevented me to suspend...
<1>[    8.872681,0] HSU serial 0000:00:05.1: 0000:00:05.0:HSU serial prevented me to suspend...
<1>[    8.880835,0] HSU serial 0000:00:05.1: 0000:00:05.0:HSU serial prevented me to suspend...
<1>[    8.888997,0] HSU serial 0000:00:05.1: 0000:00:05.0:HSU serial prevented me to suspend...
<1>[    8.897154,0] HSU serial 0000:00:05.1: 0000:00:05.0:HSU serial prevented me to suspend...
<1>[    8.905313,0] HSU serial 0000:00:05.1: 0000:00:05.0:HSU serial prevented me to suspend...
<1>[    8.913478,0] HSU serial 0000:00:05.1: 0000:00:05.0:HSU serial prevented me to suspend...
<1>[    8.921638,0] HSU serial 0000:00:05.1: 0000:00:05.0:HSU serial prevented me to suspend...
<1>[    8.929798,0] HSU serial 0000:00:05.1: 0000:00:05.0:HSU serial prevented me to suspend...
<1>[    8.937957,0] HSU serial 0000:00:05.1: 0000:00:05.0:HSU serial prevented me to suspend...
<1>[    8.946116,0] HSU serial 0000:00:05.1: 0000:00:05.0:HSU serial prevented me to suspend...
<1>[    8.954276,0] HSU serial 0000:00:05.1: 0000:00:05.0:HSU serial prevented me to suspend...
<1>[    8.962441,0] HSU serial 0000:00:05.1: 0000:00:05.0:HSU serial prevented me to suspend...
<1>[    8.970601,0] HSU serial 0000:00:05.1: 0000:00:05.0:HSU serial prevented me to suspend...
<1>[    8.978767,0] HSU serial 0000:00:05.1: 0000:00:05.0:HSU serial prevented me to suspend...
<1>[    8.986920,0] HSU serial 0000:00:05.1: 0000:00:05.0:HSU serial prevented me to suspend...
<1>[    8.995080,0] HSU serial 0000:00:05.1: 0000:00:05.0:HSU serial prevented me to suspend...
<1>[    9.003249,0] HSU serial 0000:00:05.1: 0000:00:05.0:HSU serial prevented me to suspend...
<1>[    9.011404,0] HSU serial 0000:00:05.1: 0000:00:05.0:HSU serial prevented me to suspend...
<1>[    9.019565,0] HSU serial 0000:00:05.1: 0000:00:05.0:HSU serial prevented me to suspend...
<1>[    9.027723,0] HSU serial 0000:00:05.1: 0000:00:05.0:HSU serial prevented me to suspend...
<1>[    9.035883,0] HSU serial 0000:00:05.1: 0000:00:05.0:HSU serial prevented me to suspend...
<1>[    9.044042,0] HSU serial 0000:00:05.1: 0000:00:05.0:HSU serial prevented me to suspend...
<1>[    9.052209,0] HSU serial 0000:00:05.1: 0000:00:05.0:HSU serial prevented me to suspend...
<1>[    9.060361,0] HSU serial 0000:00:05.1: 0000:00:05.0:HSU serial prevented me to suspend...
<1>[    9.068522,0] HSU serial 0000:00:05.1: 0000:00:05.0:HSU serial prevented me to suspend...
<1>[    9.076687,0] HSU serial 0000:00:05.1: 0000:00:05.0:HSU serial prevented me to suspend...
<1>[    9.084843,0] HSU serial 0000:00:05.1: 0000:00:05.0:HSU serial prevented me to suspend...
<1>[    9.093002,0] HSU serial 0000:00:05.1: 0000:00:05.0:HSU serial prevented me to suspend...
<1>[    9.101164,0] HSU serial 0000:00:05.1: 0000:00:05.0:HSU serial prevented me to suspend...
<1>[    9.109325,0] HSU serial 0000:00:05.1: 0000:00:05.0:HSU serial prevented me to suspend...
<1>[    9.117483,0] HSU serial 0000:00:05.1: 0000:00:05.0:HSU serial prevented me to suspend...
<1>[    9.125644,0] HSU serial 0000:00:05.1: 0000:00:05.0:HSU serial prevented me to suspend...
<1>[    9.133804,0] HSU serial 0000:00:05.1: 0000:00:05.0:HSU serial prevented me to suspend...
<1>[    9.141963,0] HSU serial 0000:00:05.1: 0000:00:05.0:HSU serial prevented me to suspend...
<1>[    9.150129,0] HSU serial 0000:00:05.1: 0000:00:05.0:HSU serial prevented me to suspend...
<1>[    9.158288,0] HSU serial 0000:00:05.1: 0000:00:05.0:HSU serial prevented me to suspend...
<1>[    9.166447,0] HSU serial 0000:00:05.1: 0000:00:05.0:HSU serial prevented me to suspend...
<1>[    9.174615,0] HSU serial 0000:00:05.1: 0000:00:05.0:HSU serial prevented me to suspend...
<1>[    9.182768,0] HSU serial 0000:00:05.1: 0000:00:05.0:HSU serial prevented me to suspend...
<1>[    9.190945,0] HSU serial 0000:00:05.1: 0000:00:05.0:HSU serial prevented me to suspend...
<1>[    9.199098,0] HSU serial 0000:00:05.1: 0000:00:05.0:HSU serial prevented me to suspend...
<1>[    9.207259,0] HSU serial 0000:00:05.1: 0000:00:05.0:HSU serial prevented me to suspend...
<1>[    9.215417,0] HSU serial 0000:00:05.1: 0000:00:05.0:HSU serial prevented me to suspend...
<1>[    9.223578,0] HSU serial 0000:00:05.1: 0000:00:05.0:HSU serial prevented me to suspend...
<1>[    9.231738,0] HSU serial 0000:00:05.1: 0000:00:05.0:HSU serial prevented me to suspend...
<1>[    9.239906,0] HSU serial 0000:00:05.1: 0000:00:05.0:HSU serial prevented me to suspend...
<1>[    9.248057,0] HSU serial 0000:00:05.1: 0000:00:05.0:HSU serial prevented me to suspend...
<1>[    9.256217,0] HSU serial 0000:00:05.1: 0000:00:05.0:HSU serial prevented me to suspend...
<1>[    9.264377,0] HSU serial 0000:00:05.1: 0000:00:05.0:HSU serial prevented me to suspend...
<1>[    9.272542,0] HSU serial 0000:00:05.1: 0000:00:05.0:HSU serial prevented me to suspend...
<1>[    9.280703,0] HSU serial 0000:00:05.1: 0000:00:05.0:HSU serial prevented me to suspend...
<1>[    9.288869,0] HSU serial 0000:00:05.1: 0000:00:05.0:HSU serial prevented me to suspend...
<1>[    9.297029,0] HSU serial 0000:00:05.1: 0000:00:05.0:HSU serial prevented me to suspend...
<1>[    9.305189,0] HSU serial 0000:00:05.1: 0000:00:05.0:HSU serial prevented me to suspend...
<1>[    9.313349,0] HSU serial 0000:00:05.1: 0000:00:05.0:HSU serial prevented me to suspend...
<1>[    9.321509,0] HSU serial 0000:00:05.1: 0000:00:05.0:HSU serial prevented me to suspend...
<1>[    9.329667,0] HSU serial 0000:00:05.1: 0000:00:05.0:HSU serial prevented me to suspend...
<1>[    9.337831,0] HSU serial 0000:00:05.1: 0000:00:05.0:HSU serial prevented me to suspend...
<1>[    9.345992,0] HSU serial 0000:00:05.1: 0000:00:05.0:HSU serial prevented me to suspend...
<1>[    9.354151,0] HSU serial 0000:00:05.1: 0000:00:05.0:HSU serial prevented me to suspend...
<1>[    9.362312,0] HSU serial 0000:00:05.1: 0000:00:05.0:HSU serial prevented me to suspend...
<1>[    9.370469,0] HSU serial 0000:00:05.1: 0000:00:05.0:HSU serial prevented me to suspend...
<1>[    9.378647,0] HSU serial 0000:00:05.1: 0000:00:05.0:HSU serial prevented me to suspend...
<1>[    9.386799,0] HSU serial 0000:00:05.1: 0000:00:05.0:HSU serial prevented me to suspend...
<1>[    9.394958,0] HSU serial 0000:00:05.1: 0000:00:05.0:HSU serial prevented me to suspend...
<1>[    9.403118,0] HSU serial 0000:00:05.1: 0000:00:05.0:HSU serial prevented me to suspend...
<1>[    9.411279,0] HSU serial 0000:00:05.1: 0000:00:05.0:HSU serial prevented me to suspend...
<1>[    9.419437,0] HSU serial 0000:00:05.1: 0000:00:05.0:HSU serial prevented me to suspend...
<1>[    9.427606,0] HSU serial 0000:00:05.1: 0000:00:05.0:HSU serial prevented me to suspend...
<1>[    9.435760,0] HSU serial 0000:00:05.1: 0000:00:05.0:HSU serial prevented me to suspend...
<1>[    9.443921,0] HSU serial 0000:00:05.1: 0000:00:05.0:HSU serial prevented me to suspend...
<1>[    9.452080,0] HSU serial 0000:00:05.1: 0000:00:05.0:HSU serial prevented me to suspend...
<1>[    9.460240,0] HSU serial 0000:00:05.1: 0000:00:05.0:HSU serial prevented me to suspend...
<1>[    9.468400,0] HSU serial 0000:00:05.1: 0000:00:05.0:HSU serial prevented me to suspend...
<1>[    9.476571,0] HSU serial 0000:00:05.1: 0000:00:05.0:HSU serial prevented me to suspend...
<1>[    9.484726,0] HSU serial 0000:00:05.1: 0000:00:05.0:HSU serial prevented me to suspend...
<1>[    9.492884,0] HSU serial 0000:00:05.1: 0000:00:05.0:HSU serial prevented me to suspend...
<1>[    9.501043,0] HSU serial 0000:00:05.1: 0000:00:05.0:HSU serial prevented me to suspend...
<1>[    9.509203,0] HSU serial 0000:00:05.1: 0000:00:05.0:HSU serial prevented me to suspend...
<1>[    9.517362,0] HSU serial 0000:00:05.1: 0000:00:05.0:HSU serial prevented me to suspend...
<1>[    9.525528,0] HSU serial 0000:00:05.1: 0000:00:05.0:HSU serial prevented me to suspend...
<1>[    9.533687,0] HSU serial 0000:00:05.1: 0000:00:05.0:HSU serial prevented me to suspend...
<1>[    9.541850,0] HSU serial 0000:00:05.1: 0000:00:05.0:HSU serial prevented me to suspend...
<1>[    9.550006,0] HSU serial 0000:00:05.1: 0000:00:05.0:HSU serial prevented me to suspend...
