<6>[    0.000000] Booting Linux on physical CPU 0
<6>[    0.000000] Initializing cgroup subsys cpu
<5>[    0.000000] Linux version 3.0.8-00001-gbfa8db4 (hudson@buildlinux08) (gcc version 4.4.3 (GCC) ) #1 SMP PREEMPT Tue Jan 24 23:08:33 PST 2012
<4>[    0.000000] CPU: ARMv7 Processor [510f04d1] revision 1 (ARMv7), cr=10c5387d
<4>[    0.000000] CPU: VIPT nonaliasing data cache, VIPT nonaliasing instruction cache
<4>[    0.000000] Machine: Vanquish
<6>[    0.000000] mot_parse_atag_display: mipi_mot_video_smd_hd_465
<4>[    0.000000] parse_tag_powerup_reason: powerup reason=0x00008000
<6>[    0.000000] parse_tag_mbm_version: mbm_version=0x00001041
<4>[    0.000000] Ignoring unrecognised tag 0xf1000408
<4>[    0.000000] Ignoring unrecognised tag 0xf1000409
<6>[    0.000000] mot_parse_atag_mbm_protocol_version: 0x1
<6>[    0.000000] flat_dev_tree_address=0x88490524, flat_dev_tree_size == 0x00000500
<6>[    0.000000] low unstable address b0000000 max size 10000000 bank size 20000000
<6>[    0.000000] movable zone start b0000000 size 10000000
<6>[    0.000000] memory pool 3 (start a8a00000 size 7600000) initialized
<4>[    0.000000] Memory policy: ECC disabled, Data cache writealloc
<6>[    0.000000] socinfo_init: v6, id=87, ver=1.1, raw_id=1713, raw_ver=1, hw_plat=0,  hw_plat_ver=65536
<6>[    0.000000]  accessory_chip=0 hw_plat_subtype=0
<4>[    0.000000] Zone PFN ranges:
<4>[    0.000000]   Normal   0x00080200 -> 0x000a1200
<4>[    0.000000]   HighMem  0x000a1200 -> 0x000c0000
<4>[    0.000000] Movable zone start PFN for each node
<4>[    0.000000]   Node 0: 691200
<4>[    0.000000] early_node_map[3] active PFN ranges
<4>[    0.000000]     0: 0x00080200 -> 0x00088f00
<4>[    0.000000]     0: 0x00090000 -> 0x000a8a00
<4>[    0.000000]     0: 0x000b0000 -> 0x000c0000
<7>[    0.000000] On node 0 totalpages: 202496
<7>[    0.000000]   Normal zone: 1188 pages used for memmap
<7>[    0.000000]   Normal zone: 0 pages reserved
<7>[    0.000000]   Normal zone: 105052 pages, LIFO batch:31
<7>[    0.000000]   HighMem zone: 275 pages used for memmap
<7>[    0.000000]   HighMem zone: 30445 pages, LIFO batch:7
<7>[    0.000000]   Movable zone: 837 pages used for memmap
<7>[    0.000000]   Movable zone: 64699 pages, LIFO batch:15
<6>[    0.000000] allocating 31825920 bytes at c18ab000 (81aab000 physical) for fb
<6>[    0.000000] allocating 131072 bytes at affe0000 for RAM console
<6>[    0.000000] Unflattening device tree: 0xc8290524
<4>[    0.000000] End of tree marker overwritten: efbeadde
<6>[    0.000000] PERCPU: Embedded 8 pages/cpu @c3708000 s9664 r8192 d14912 u32768
<7>[    0.000000] pcpu-alloc: s9664 r8192 d14912 u32768 alloc=8*4096
<7>[    0.000000] pcpu-alloc: [0] 0 [0] 1 
<4>[    0.000000] Built 1 zonelists in Zone order, mobility grouping on.  Total pages: 200196
<5>[    0.000000] Kernel command line: console=ttyHSL0,115200,n8 androidboot.hardware=qcom user_debug=31 loglevel=1 earlyprintk=ttyHSL0,115200,n8 androidboot.emmc=true androidboot.serialno=13078a5c androidboot.baseband=msm androidboot.mode=normal
<6>[    0.000000] PID hash table entries: 2048 (order: 1, 8192 bytes)
<6>[    0.000000] Dentry cache hash table entries: 65536 (order: 6, 262144 bytes)
<6>[    0.000000] Inode-cache hash table entries: 32768 (order: 5, 131072 bytes)
<6>[    0.000000] Memory: 141MB 394MB 256MB = 791MB total
<5>[    0.000000] Memory: 754424k/754424k available, 176392k reserved, 385024K highmem
<5>[    0.000000] Virtual kernel memory layout:
<5>[    0.000000]     vector  : 0xffff0000 - 0xffff1000   (   4 kB)
<5>[    0.000000]     fixmap  : 0xfff00000 - 0xfffe0000   ( 896 kB)
<5>[    0.000000]     DMA     : 0xff000000 - 0xffe00000   (  14 MB)
<5>[    0.000000]     vmalloc : 0xda000000 - 0xfa000000   ( 512 MB)
<5>[    0.000000]     lowmem  : 0xc0000000 - 0xd9f00000   ( 415 MB)
<5>[    0.000000]     pkmap   : 0xbfe00000 - 0xc0000000   (   2 MB)
<5>[    0.000000]     modules : 0xbf000000 - 0xbfe00000   (  14 MB)
<5>[    0.000000]       .init : 0xc0008000 - 0xc0056000   ( 312 kB)
<5>[    0.000000]       .text : 0xc0100000 - 0xc0b7ac38   (10732 kB)
<5>[    0.000000]       .data : 0xc0c00000 - 0xc0cf6130   ( 985 kB)
<5>[    0.000000]        .bss : 0xc0cf6154 - 0xc0ee18a0   (1966 kB)
<6>[    0.000000] SLUB: Genslabs=11, HWalign=64, Order=0-3, MinObjects=0, CPUs=2, Nodes=1
<6>[    0.000000] Preemptible hierarchical RCU implementation.
<6>[    0.000000] NR_IRQS:817
<6>[    0.000000] sched_clock: 32 bits at 32kHz, resolution 30520ns, wraps every 131084001ms
<6>[    0.000000] Console: colour dummy device 80x30
<6>[    0.000000] kmemleak: Kernel memory leak detector disabled
<6>[    0.150129] Calibrating delay using timer specific routine.. 13.53 BogoMIPS (lpj=67681)
<6>[    0.150160] pid_max: default: 32768 minimum: 301
<6>[    0.150618] Mount-cache hash table entries: 512
<6>[    0.152632] Initializing cgroup subsys debug
<6>[    0.152662] Initializing cgroup subsys cpuacct
<6>[    0.152754] Initializing cgroup subsys freezer
<6>[    0.152815] CPU: Testing write buffer coherency: ok
<6>[    0.153303] hw perfevents: enabled with ARMv7 Krait PMU driver, 5 counters available
<6>[    0.300381] Brought up 2 CPUs
<6>[    0.300412] SMP: Total of 2 processors activated (27.07 BogoMIPS).
<6>[    0.320097] print_constraints: dummy: 
<3>[    0.320219] rdev_init_debugfs: Error-Bad Function Input
<6>[    0.320616] NET: Registered protocol family 16
<3>[    0.320921] AXI: msm_bus_fabric_init_driver(): msm_bus_fabric_init_driver
<6>[    0.323424] meminfo_init: smem ram ptable found: ver: 0 len: 5
<6>[    0.323454] Found 1 memory banks grouped into 4 memory regions
<6>[    0.323485] msm_rpm_init: RPM firmware 3.0.16842812
<6>[    0.350221] rcg_clk_handoff: sdc1_clk rate=48000000
<6>[    0.355196] rcg_clk_handoff: dsi1_byte_clk rate=1
<6>[    0.355226] rcg_clk_handoff: dsi1_esc_clk rate=2
<6>[    0.355257] rcg_clk_handoff: mdp_clk rate=200000000
<6>[    0.355348] qdss_at_clk rate=27000000
<6>[    0.355379] qdss_traceclkin_clk rate=27000000
<6>[    0.355409] qdss_tsctr_clk rate=27000000
<6>[    0.356294] mmi_vibrator_init vibrator type 0x17 min 0 max 60000
<6>[    0.359255] saw_probe: id=0, name=8921_s5
<6>[    0.359774] saw_probe: id=1, name=8921_s6
<6>[    0.360384] gpio_vreg_probe: id=202, name=ext_5v, gpio=202, gpio_label=ext_5v_en
<6>[    0.360842] pm8921_probe: PMIC revision 1: F2
<6>[    0.360842] pm8921_probe: PMIC revision 2: 06
<6>[    0.360872] pm8921_probe: PMIC version: PM8921 rev 1.1
<6>[    0.360872] pm8921_probe: PMIC Restart Reason: Triggered from CHG (usb charger insertion)
<6>[    0.363131] pm_gpio_probe: OK: base=152, ngpio=44
<6>[    0.363650] pm8xxx_mpp_probe: OK: base=196, ngpio=12
<6>[    0.371158] gpio_vreg_probe: id=193, name=ext_otg_sw, gpio=193, gpio_label=ext_otg_sw_en
<6>[    0.373660] ram_console: got buffer at affe0000, size 20000
<6>[    0.373844] ram_console: uncorrectable error in header
<6>[    0.373874] ram_console: no valid data in buffer (sig = 0x6ba6aa6b)
<6>[    0.373966] console [ram-1] enabled
<6>[    0.391179] select_freq_plan: ACPU PVS: Slow
<6>[    0.391332] select_freq_plan: Max ACPU freq: 918000 KHz
<6>[    0.396642] cpufreq_table_init: CPU0: 11 scaling frequencies supported.
<6>[    0.396886] cpufreq_table_init: CPU1: 11 scaling frequencies supported.
<6>[    0.397161]  MELFAS TS: platform init
<7>[    0.398016] msm8960_pn544_init: is called, set gpio numbers.
<6>[    0.398321] Enabling Factory Kill.
<3>[    0.400305] unit_info (SMEM): version = 0x01, system_rev = 0x000081c0, system_serial = 0x0000000013078a5c, machine = 'Vanquish', barcode = '13078a5c'
<6>[    0.408179] sps:REVISION of BAM 0xda020000 is 0x3.
<6>[    0.409217] sps is ready.
<6>[    0.444101] bio: create slab <bio-0> at 0
<5>[    0.446360] pm8xxx_pwm_probe: OK
<5>[    0.447062] SCSI subsystem initialized
<6>[    0.447367] sps:REVISION of BAM 0xda02c000 is 0x10.
<6>[    0.449015] usbcore: registered new interface driver usbfs
<6>[    0.449320] usbcore: registered new interface driver hub
<6>[    0.449717] usbcore: registered new device driver usb
<7>[    0.450816] Registered led device: led:battery_charging
<7>[    0.451884] Registered led device: led:battery_full
<6>[    0.452281] Advanced Linux Sound Architecture Driver Version 1.0.24.
<6>[    0.453349] Bluetooth: Core ver 2.16
<6>[    0.453563] NET: Registered protocol family 31
<6>[    0.453685] Bluetooth: HCI device and connection manager initialized
<6>[    0.453960] Bluetooth: HCI socket layer initialized
<6>[    0.454082] Bluetooth: L2CAP socket layer initialized
<6>[    0.454539] Bluetooth: SCO socket layer initialized
<6>[    0.455394] cfg80211: Calling CRDA to update world regulatory domain
<6>[    0.456035] Switching to clocksource gp_timer
<6>[    0.487471] NET: Registered protocol family 2
<6>[    0.487959] IP route cache hash table entries: 16384 (order: 4, 65536 bytes)
<6>[    0.488814] TCP established hash table entries: 65536 (order: 7, 524288 bytes)
<6>[    0.492629] TCP bind hash table entries: 65536 (order: 8, 1572864 bytes)
<6>[    0.498122] TCP: Hash tables configured (established 65536 bind 65536)
<6>[    0.498397] TCP reno registered
<6>[    0.498580] UDP hash table entries: 256 (order: 2, 16384 bytes)
<6>[    0.498886] UDP-Lite hash table entries: 256 (order: 2, 16384 bytes)
<6>[    0.499740] NET: Registered protocol family 1
<6>[    0.500534] RPC: Registered named UNIX socket transport module.
<6>[    0.500686] RPC: Registered udp transport module.
<6>[    0.500930] RPC: Registered tcp transport module.
<6>[    0.501052] RPC: Registered tcp NFSv4.1 backchannel transport module.
<6>[    0.501724] Trying to unpack rootfs image as initramfs...
<6>[    0.516496] Freeing initrd memory: 168K
<6>[    0.517106] PMU: registered new PMU device of type 0
<6>[    0.517472] PMU: registered new PMU device of type 1
<6>[    0.521074] msm_ptm msm_ptm.0: PTM intialized.
<6>[    0.522295] msm_etb msm_etb.0: etb disabled
<6>[    0.522447] msm_tpiu msm_tpiu.0: tpiu disabled
<6>[    0.525316] msm_etb msm_etb.0: etb enabled
<6>[    0.525469] msm_funnel msm_funnel.0: funnel port mask 0x3 enabled
<6>[    0.525682] msm_ptm msm_ptm.0: tracing enabled
<6>[    0.527971] pil_qdsp6v4 pil_qdsp6v4.0: using secure boot
<6>[    0.529192] pil_qdsp6v4 pil_qdsp6v4.1: using secure boot
<6>[    0.530383] pil_qdsp6v4 pil_qdsp6v4.2: using secure boot
<6>[    0.531878] pil_riva pil_riva: using secure boot
<3>[    0.534716] smd_channel_probe_worker: allocation table not initialized
<6>[    0.542652] msm_dsps driver version 3.01.
<6>[    0.544178] NET: Registered protocol family 27
<6>[    0.545246] dspcrashd_probe: Platform driver values: Base = 0x8da00000, Size = 0x1800000,pdata = 0xdeaddead
<6>[    0.548908] modem_8960_init: modem fatal driver init'ed.
<6>[    0.549336] lpass_fatal_init: lpass SSR driver init'ed.
<6>[    0.549763] wcnss_8960: module initialized
<5>[    0.550404] msm_rpm_log_probe: OK
<4>[    0.748908] highmem bounce pool size: 64 pages
<6>[    0.749702] ashmem: initialized
<6>[    0.769632] fuse init (API version 7.16)
<6>[    0.770608] msgmni has been set to 721
<6>[    0.773172] Block layer SCSI generic (bsg) driver version 0.4 loaded (major 248)
<6>[    0.773325] io scheduler noop registered
<6>[    0.773569] io scheduler deadline registered
<6>[    0.773813] io scheduler cfq registered (default)
<3>[    0.774698] qup_i2c qup_i2c.10: QUP: I2C status flags :0x1300c8, irq:224
<3>[    0.774881] qup_i2c qup_i2c.10: I2C slave addr:0x38 not connected
<3>[    0.775186] qup_i2c qup_i2c.10: QUP: I2C status flags :0x1300c8, irq:224
<3>[    0.775339] qup_i2c qup_i2c.10: I2C slave addr:0x38 not connected
<3>[    0.775614] lm3532_bl 10-0038: failed reading at 0xcc
<4>[    0.775766] lm3532_bl: probe of 10-0038 failed with error -5
<6>[    0.780314] mipi_dsi base phy_addr = 0x4700000 virt = 0xda400000
<6>[    0.780466] mmss_sfpb  base phy_addr = 0x5700000,virt = 0xda078000
<4>[    0.780985] msm_fb_detect_panel: not supported 'mipi_mot_cmd_auo_hd_450'
<6>[    0.781107] msm_fb_detect_panel: detected mipi_mot_video_smd_hd_465
<6>[    0.781901] setting pdata->panel_info.fb_num to 3. type: 8
<6>[    0.820051] FrameBuffer[0] 720x1280 size=11304960 bytes is registered successfully!
<7>[    0.820814] Registered led device: lcd-backlight
<6>[    0.846482] mdp4_overlay_pipe_alloc: pipe=c0c8e810 ndx=1 num=0
<6>[    0.846696] mipi_dsi_panel_power: state : 1
<6>[    1.020112] panel_enable is called
<6>[    1.020570]  MIPI panel Manufacture_id = 0x1
<6>[    1.020845]  MIPI panel Controller_ver = 0x0
<6>[    1.021089]  MIPI panel Controller_drv_ver = 0x9e
<6>[    1.411811] panel_enable completed
<4>[    1.419075] msm_fb_detect_panel: not supported 'mipi_mot_cmd_auo_qhd_430'
<6>[    1.420570] setting pdata->panel_info.fb_num to 1. type: 7
<6>[    1.435769] FrameBuffer[1] 1920x1080 size=4149248 bytes is registered successfully!
<3>[    1.436502] hdmi_msm hdmi_msm.1: external_common_state_create: sysfs group d9c36408
<6>[    1.436868] hdmi_msm hdmi_msm.1: HDMI HPD: ON
<3>[    1.547169] Video format is : 15
<6>[    1.549397] 
<6>[    1.549397]  msm_vidc_enc: Inside vid_enc_init()
<6>[    1.550099] 
<6>[    1.550099]  msm_vidc_enc: Inside vid_enc_vcd_init()
<6>[    1.703341] msm_serial: driver initialized
<6>[    1.704074] msm_serial_hs.0: ttyHS0 at MMIO 0x16540000 (irq = 188) is a MSM HS UART
<6>[    1.787456] msm_serial_hs.1: ttyHS1 at MMIO 0x12490000 (irq = 227) is a MSM HS UART
<6>[    1.946894] msm_serial_hs module loaded
<6>[    1.947169] msm_serial_hsl: detected port #0
<6>[    1.947565] msm_serial_hsl.0: ttyHSL0 at MMIO 0x16440000 (irq = 186) is a MSM
<6>[    1.947749] msm_serial_hsl: console setup on port #0
<6>[    3.096413] console [ttyHSL0] enabled
<6>[    3.207172] msm_serial_hsl: driver initialized
<6>[    3.230276] kgsl kgsl-3d0: |kgsl_gpummu_init| MMU type set for device is GPUMMU
<6>[    3.237936] kgsl kgsl-2d0: |kgsl_gpummu_init| MMU type set for device is GPUMMU
<6>[    3.245139] kgsl kgsl-2d1: |kgsl_gpummu_init| MMU type set for device is GPUMMU
<6>[    3.262810] brd: module loaded
<6>[    3.270227] loop: module loaded
<6>[    3.272699] pmem: Initializing pmem_audio (user-space) as non-cached
<6>[    3.279352] allocating 2834432 bytes at   (null) (af202000 physical) for pmem_audio
<6>[    3.287562] tabla-slim tabla-slim: Initialized slim device tabla-slim
<6>[    3.393743] tabla2x-slim tabla2x-slim: Initialized slim device tabla2x-slim
<7>[    3.403052] gpio_request: gpio-185 (CDC_RESET) status -16
<3>[    3.407538] tabla_reset: Failed to request gpio 185
<3>[    3.412391] tabla_slim_probe: Resetting Tabla failed
<4>[    3.422371] tabla2x-slim: probe of tabla2x-slim failed with error -16
<6>[    3.428597] Loading pn544 driver
<6>[    3.431283] pn544_probe : Probing pn544 driver
<6>[    3.436044] pn544_probe : PN544 Misc Minor: 31
<6>[    3.440012] pn544_probe : requesting IRQ 394
<6>[    3.445811] SCSI Media Changer driver v0.25 
<6>[    3.450480] SLIP: version 0.8.4-NET3.019-NEWTTY (dynamic channels, max=256) (6 bit encapsulation enabled).
<6>[    3.459392] CSLIP: code copyright 1989 Regents of the University of California.
<6>[    3.468640] usbcore: registered new interface driver asix
<6>[    3.473218] usbcore: registered new interface driver cdc_ether
<6>[    3.479200] usbcore: registered new interface driver net1080
<6>[    3.484663] usbcore: registered new interface driver cdc_subset
<6>[    3.490706] usbcore: registered new interface driver zaurus
<6>[    3.496047] cdc_ncm: 04-Aug-2011
<6>[    3.499465] usbcore: registered new interface driver cdc_ncm
<6>[    3.505020] usbcore: registered new interface driver rmnet_usb
<6>[    3.512040] rmnet usb ctrl Initialized.
<6>[    3.515092] wcnss_wlan probed in built-in mode
<6>[    3.520006] rmnet_init: BAM devices[8]
<6>[    3.529986] msm_otg msm_otg: msm_otg probe
<6>[    3.533251] msm_otg msm_otg: OTG regs = da0a8000
<6>[    3.541736] msm_otg_probe: MSM OTG Driver will operate in ACCY CONTROL mode
<6>[    3.547962] msm_otg_init_sm: setting default inputs for ACCY mode
<6>[    3.554646] ehci_hcd: USB 2.0 'Enhanced' Host Controller (EHCI) Driver
<6>[    3.561086] usbcore: registered new interface driver cdc_acm
<6>[    3.566152] cdc_acm: USB Abstract Control Model driver for USB modems and ISDN adapters
<6>[    3.574057] Initializing USB Mass Storage driver...
<6>[    3.579124] usbcore: registered new interface driver usb-storage
<6>[    3.584861] USB Mass Storage support registered.
<6>[    3.589684] usbcore: registered new interface driver ums-alauda
<6>[    3.595452] usbcore: registered new interface driver ums-cypress
<6>[    3.601587] usbcore: registered new interface driver ums-datafab
<6>[    3.607446] usbcore: registered new interface driver ums-freecom
<6>[    3.613551] usbcore: registered new interface driver ums-isd200
<6>[    3.619349] usbcore: registered new interface driver ums-jumpshot
<6>[    3.625545] usbcore: registered new interface driver ums-karma
<6>[    3.631252] usbcore: registered new interface driver ums-onetouch
<6>[    3.637417] usbcore: registered new interface driver ums-sddr09
<6>[    3.643186] usbcore: registered new interface driver ums-sddr55
<6>[    3.649229] usbcore: registered new interface driver ums-usbat
<6>[    3.655058] usbcore: registered new interface driver usbserial
<6>[    3.660796] usbserial: USB Serial Driver core
<6>[    3.665038] USB Serial support registered for Qualcomm USB modem
<6>[    3.671204] usbcore: registered new interface driver qcserial
<6>[    3.676789] usbcore: registered new interface driver usb_ehset_test
<6>[    3.683198] usbcore: registered new interface driver diag_bridge
<6>[    3.689211] usbcore: registered new interface driver mdm_bridge
<6>[    3.696017] msm_hsusb msm_hsusb: [usb_gadget_probe_driver] hw_ep_max = 32
<6>[    3.705753] android_usb gadget: Mass Storage Function, version: 2009/09/11
<6>[    3.711765] android_usb gadget: Number of LUNs=1
<6>[    3.716435]  lun0: LUN: removable file: (no medium)
<6>[    3.722478] android_usb gadget: android_usb ready
<6>[    3.728673] diagchar initialized now
<6>[    3.731817] mousedev: PS/2 mouse device common for all mice
<6>[    3.738318] input: keypad_8960 as /devices/platform/msm_ssbi.0/pm8921-core/pm8xxx-keypad/input/input0
<6>[    3.748145] melfas_ts_probe:
<6>[    3.748145]  Panel Version: 41, HW Revision: 1
<6>[    3.748145]  HW Comp Grp: 41, Core FW ver: 23
<6>[    3.748145]  Private FW ver: 1, Public FW ver: 1
<6>[    3.763924] input: melfas-ts as /devices/virtual/input/input1
<6>[    3.770425] input: pmic8xxx_pwrkey as /devices/platform/msm_ssbi.0/pm8921-core/pm8xxx-pwrkey/input/input2
<6>[    3.780405] using input dev keypad_8960 for key reset
<6>[    3.784526] using input dev pmic8xxx_pwrkey for key reset
<6>[    3.791576] using rtc device, pm8xxx_rtc, for alarms
<6>[    3.795513] rtc-pm8xxx rtc-pm8xxx: rtc core: registered pm8xxx_rtc as rtc0
<6>[    3.802990] i2c /dev entries driver
<6>[    3.807141] lirc_dev: IR Remote Control driver registered, major 237 
<6>[    3.812788] IR NEC protocol handler initialized
<6>[    3.817213] IR RC5(x) protocol handler initialized
<6>[    3.822066] IR RC6 protocol handler initialized
<6>[    3.826491] IR JVC protocol handler initialized
<6>[    3.831008] IR Sony protocol handler initialized
<6>[    3.835708] IR RC5 (streamzap) protocol handler initialized
<6>[    3.841171] IR LIRC bridge handler initialized
<6>[    3.845688] Linux video capture interface: v2.00
<6>[    3.850389] usbcore: registered new interface driver uvcvideo
<6>[    3.856004] USB Video Class driver (v1.1.0)
<6>[    3.860918] motsoc1_power_on (81c0)
<6>[    3.863543] motsoc1_regulator_on: 8921_l8 2700000
<6>[    3.869464] motsoc1_regulator_on: 8921_l12 1200000
<6>[    3.874347] motsoc1_regulator_on: 8921_l29 1800000
<6>[    3.878528] motsoc1: enable ISP_CORE_EN
<6>[    3.882038] motsoc1: enable CAM1_REG_EN
<6>[    3.888844] motsoc1: toggle reset
<6>[    3.956935] motsoc1 power on complete
<6>[    3.960170] motsoc1: match_id success
<6>[    3.963345] motsoc1_enum_fmt: index=0
<6>[    3.967007] motsoc1_enum_fmt: index=1
<6>[    3.970730] motsoc1_enum_fmt: index=2
<6>[    3.974362] motsoc1_enum_fmt: index=0
<6>[    3.977964] motsoc1_enum_fmt: index=1
<6>[    3.982054] motsoc1_power_off
<6>[    3.984526] motsoc1_regulator_off: 2.7
<6>[    3.989073] motsoc1_regulator_off: 1.2
<6>[    3.992888] motsoc1_regulator_off: 1.8
<6>[    3.996734] mt9m114_power_on
<6>[    4.067175] mt9m114 id: 2481
<6>[    4.069128] mt9m114: match_id success
<6>[    4.073218] mt9m114_power_off
<6>[    4.076697] ov8820_regulator_on: 8921_l29 1800000
<6>[    4.080756] ov8820_regulator_on: 8921_l16 2800000
<6>[    4.086342] ov8820 enabling AVDD
<6>[    4.088692] ov8820 enabling MCLK
<6>[    4.097817] ov8820 setting PWRDWN high
<6>[    4.102762] ov8820 setting Reset High
<6>[    4.125560] ov8820 power up sequence complete
<3>[    4.129070] qup_i2c qup_i2c.4: QUP: I2C status flags :0x1300c8, irq:185
<3>[    4.135724] qup_i2c qup_i2c.4: I2C slave addr:0x36 not connected
<3>[    4.141706] ov8820_match_id: read id failed
<6>[    4.145734] ov8820_sensor_power_off
<3>[    4.149244] motsoc1_regulator_off: 2.8
<3>[    4.153853] motsoc1_regulator_off: 1.8
<4>[    4.157576] ov8820: probe of 4-0036 failed with error -107
<6>[    4.164932] Driver for 1-wire Dallas network protocol.
<6>[    4.225118] pm8xxx_tm_probe: OK
<6>[    4.229207] device-mapper: ioctl: 4.20.0-ioctl (2011-02-02) initialised: dm-devel@redhat.com
<6>[    4.237479] cpuidle: using governor ladder
<6>[    4.240836] cpuidle: using governor menu
<6>[    4.245414] mmc0: mci-version: 12
<6>[    4.248191] mmc0: bam physical base=0x12402000
<6>[    4.252464] mmc0: bam virtual base=0xda0e4000
<6>[    4.256951] mmc0: BAM device registered. bam_handle=0xd9421e00
<6>[    4.262780] sps:REVISION of BAM 0xda0e4000 is 0x3.
<6>[    4.268670] mmc0: Qualcomm MSM SDCC-BAM at 0x0000000012402000 irq 130
<6>[    4.274225] mmc0: Qualcomm MSM SDCC-DML at 0x0000000012400800
<3>[    4.280115] mmc0: No card detect facilities available
<6>[    4.285426] mmc0: Qualcomm MSM SDCC-core at 0x0000000012400000 irq 136,0 dma -1 dmacrcri -1
<6>[    4.293483] mmc0: 8 bit data mode enabled
<6>[    4.298092] mmc0: 4 bit data mode disabled
<6>[    4.301480] mmc0: polling status mode disabled
<6>[    4.305783] mmc0: MMC clock 400000 -> 48000000 Hz, PCLK 0 Hz
<6>[    4.311582] mmc0: Slot eject status = 0
<6>[    4.315367] mmc0: Power save feature enable = 1
<6>[    4.328063] mmc0: SPS-BAM data transfer mode available
<6>[    4.357057] mmc1: mci-version: 12
<6>[    4.364626] mmc1: bam physical base=0x12182000
<6>[    4.378757] mmc1: bam virtual base=0xda0ec000
<6>[    4.387395] mmc1: BAM device registered. bam_handle=0xd9458400
<6>[    4.406836] sps:REVISION of BAM 0xda0ec000 is 0x3.
<6>[    4.412147] mmc1: Qualcomm MSM SDCC-BAM at 0x0000000012182000 irq 128
<6>[    4.429146] mmc1: Qualcomm MSM SDCC-DML at 0x0000000012180800
<6>[    4.436014] mmc1: Qualcomm MSM SDCC-core at 0x0000000012180000 irq 134,651 dma -1 dmacrcri -1
<6>[    4.443674] mmc1: 8 bit data mode disabled
<6>[    4.456920] mmc1: 4 bit data mode enabled
<6>[    4.460003] mmc1: polling status mode disabled
<6>[    4.464550] mmc1: MMC clock 400000 -> 96000000 Hz, PCLK 0 Hz
<6>[    4.471142] mmc1: Slot eject status = 0
<6>[    4.474164] mmc1: Power save feature enable = 1
<6>[    4.478773] mmc1: SPS-BAM data transfer mode available
<6>[    4.484297] pm8xxx_rgb_led_probe: num_leds is 3
<7>[    4.494613] Registered led device: red
<6>[    4.500198] mmc0: new high speed MMC card at address 0001
<6>[    4.505753] create_pm8xxx_rgb_led: LED class red, gpio 175, can sleep = 1
<6>[    4.505814] MMI Battery EEPROM Read 0 Bytes
<6>[    4.505875] mmcblk0: mmc0:0001 032G4C 29.7 GiB 
<6>[    4.506607] mmcblk0boot0: mmc0:0001 032G4C partition 1 2.00 MiB
<6>[    4.507370] mmcblk0boot1: mmc0:0001 032G4C partition 2 2.00 MiB
<6>[    4.532397] create_pm8xxx_rgb_led: created 'blink' device file for red, dev=0xd9458e00
<6>[    4.535052]  mmcblk0: p1 p2 p3 p4 p5 p6 p7 p8 p9 p10 p11 p12 p13 p14 p15 p16 p17 p18 p19 p20 p21 p22 p23 p24 p25 p26 p27 p28 p29 p30 p31 p32 p33 p34
<6>[    4.553456] create_pm8xxx_rgb_led: requested pwm for red, pwm_id=0
<6>[    4.558461]  mmcblk0boot1: unknown partition table
<7>[    4.564626] Registered led device: green
<6>[    4.568167] create_pm8xxx_rgb_led: LED class green, gpio 176, can sleep = 1
<6>[    4.568258]  mmcblk0boot0: unknown partition table
<6>[    4.579887] create_pm8xxx_rgb_led: requested pwm for green, pwm_id=1
<7>[    4.586448] Registered led device: blue
<6>[    4.590050] create_pm8xxx_rgb_led: LED class blue, gpio 177, can sleep = 1
<6>[    4.597009] create_pm8xxx_rgb_led: requested pwm for blue, pwm_id=2
<7>[    4.604974] Registered led device: torch-flash
<7>[    4.614375] Registered led device: spotlight
<7>[    4.626094] Registered led device: msg_red
<7>[    4.640317] Registered led device: msg_green
<7>[    4.654356] Registered led device: msg_blue
<6>[    4.662139] LM3559 torch initialized
<7>[    4.664977] gpio_request: gpio-2 (camflash_en) status -16
<3>[    4.670349] lm3556_probe: gpio_request(2) failed
<6>[    4.676300] usbcore: registered new interface driver usbhid
<6>[    4.687288] usbhid: USB HID core driver
<6>[    4.695925] logger: created 256K log 'log_main'
<6>[    4.699984] logger: created 256K log 'log_events'
<6>[    4.704684] logger: created 256K log 'log_radio'
<6>[    4.717198] logger: created 256K log 'log_system'
<6>[    4.722203] usbcore: registered new interface driver snd-usb-audio
<6>[    4.738898] msm_pcm_probe: dev name msm-voip-dsp
<6>[    4.743628] msm_pcm_probe: dev name msm-pcm-dsp
<6>[    4.757668] msm_compr_probe: dev name msm-compr-dsp
<6>[    4.761849] msm-pcm-lpa msm-pcm-lpa: msm_pcm_probe: dev name msm-pcm-lpa
<3>[    4.786967] msm_soc_platform_init
<6>[    4.789531] msm_afe_probe: dev name msm-pcm-afe
<3>[    4.794903] msm8960_configure_headset_mic_gpios: US_EURO_SWITCH gpio is not configured!!!
<3>[    4.815321] msm_audio_init: Not the right machine type
<3>[    4.820296] msm_afe_afe_probe
<6>[    4.841233] tabla_codec_probe : Tabla version reg 0x20
<6>[    4.845566] tabla_codec_probe : Tabla version 0
<6>[    4.850450] MMI Battery EEPROM Read 0 Bytes
<6>[    4.876423] asoc: null-codec-dai <-> MultiMedia1 mapping ok
<6>[    4.887227] asoc: null-codec-dai <-> MultiMedia2 mapping ok
<6>[    4.897878] asoc: null-codec-dai <-> CS-VOICE mapping ok
<6>[    4.908408] asoc: null-codec-dai <-> VoIP mapping ok
<6>[    4.918419] asoc: null-codec-dai <-> MultiMedia3 mapping ok
<6>[    4.929192] asoc: null-codec-dai <-> SLIMBUS0_HOSTLESS mapping ok
<6>[    4.940393] asoc: null-codec-dai <-> INT_FM_HOSTLESS mapping ok
<3>[    4.952021] msm_asoc_pcm_new
<6>[    4.954005] asoc: msm-stub-rx <-> msm-dai-q6.241 mapping ok
<3>[    4.965603] msm_asoc_pcm_new
<6>[    4.976896] asoc: msm-stub-tx <-> msm-dai-q6.240 mapping ok
<6>[    4.988432] asoc: null-codec-dai <-> MultiMedia4 mapping ok
<6>[    4.993468] msm8960_audrx_init : Tabla version 0
<3>[    4.997985] tabla_codec tabla_codec: Failed to add route ANCRight Headset Mic->MIC BIAS3 Internal1
<6>[    5.017121] mmc1: new high speed SDHC card at address 0001
<6>[    5.022798] mmcblk1: mmc1:0001 00000 14.7 GiB 
<6>[    5.028536]  mmcblk1: p1
<6>[    5.099801] MMI Battery EEPROM Read 0 Bytes
<6>[    5.227834] asoc: tabla_rx1 <-> msm-dai-q6.16384 mapping ok
<6>[    5.240622] asoc: tabla_tx1 <-> msm-dai-q6.16385 mapping ok
<6>[    5.252433] asoc: msm-stub-rx <-> msm-dai-q6.12288 mapping ok
<6>[    5.287166] asoc: msm-stub-tx <-> msm-dai-q6.12289 mapping ok
<6>[    5.309079] asoc: msm-stub-rx <-> msm-dai-q6.12292 mapping ok
<6>[    5.326323] asoc: msm-stub-tx <-> msm-dai-q6.12293 mapping ok
<6>[    5.348237] asoc: msm-stub-rx <-> msm-dai-q6.8 mapping ok
<6>[    5.360323] asoc: msm-stub-rx <-> msm-dai-q6.224 mapping ok
<6>[    5.372043] asoc: msm-stub-tx <-> msm-dai-q6.225 mapping ok
<6>[    5.407141] asoc: msm-stub-rx <-> msm-dai-q6.2 mapping ok
<6>[    5.428719] asoc: msm-stub-tx <-> msm-dai-q6.3 mapping ok
<6>[    5.450389] asoc: msm-stub-rx <-> msm-dai-q6.32773 mapping ok
<6>[    5.476148] MMI Battery EEPROM Read 192 Bytes
<6>[    5.479749] MMI Battery EEPROM Page 2 Checksum = 0
<6>[    5.484541] asoc: msm-stub-tx <-> msm-dai-q6.32772 mapping ok
<6>[    5.496902] MMI Battery EEPROM Page 3 Checksum = 0
<6>[    5.500778] MMI Battery EEPROM Copyright Valid = 0
<6>[    5.506058] asoc: msm-stub-tx <-> msm-dai-q6.32771 mapping ok
<6>[    5.515885] input: msm8960-snd-card Button Jack as /devices/platform/soc-audio.0/sound/card0/input3
<6>[    5.524706] input: msm8960-snd-card Headset Jack as /devices/platform/soc-audio.0/sound/card0/input4
<6>[    5.538623] ALSA device list:
<6>[    5.540668]   #0: msm8960-snd-card
<6>[    5.545002] oprofile: using arm/armv7-krait
<6>[    5.548634] u32 classifier
<6>[    5.550953]     Actions configured
<6>[    5.554341] Netfilter messages via NETLINK v0.30.
<6>[    5.559285] nf_conntrack version 0.5.0 (11790 buckets, 47160 max)
<6>[    5.566183] ctnetlink v0.93: registering with nfnetlink.
<6>[    5.570822] NF_TPROXY: Transparent proxy support initialized, version 4.1.0
<6>[    5.577537] NF_TPROXY: Copyright (c) 2006-2007 BalaBit IT Ltd.
<6>[    5.584190] xt_time: kernel timezone is -0000
<6>[    5.588127] ip_tables: (C) 2000-2006 Netfilter Core Team
<6>[    5.593316] arp_tables: (C) 2002 David S. Miller
<6>[    5.598321] TCP cubic registered
<6>[    5.602136] NET: Registered protocol family 10
<6>[    5.608271] Mobile IPv6
<6>[    5.609858] ip6_tables: (C) 2000-2006 Netfilter Core Team
<6>[    5.615382] IPv6 over IPv4 tunneling driver
<6>[    5.627743] NET: Registered protocol family 17
<6>[    5.646970] Bluetooth: RFCOMM TTY layer initialized
<6>[    5.651091] Bluetooth: RFCOMM socket layer initialized
<6>[    5.656065] Bluetooth: RFCOMM ver 1.11
<6>[    5.666900] Bluetooth: BNEP (Ethernet Emulation) ver 1.3
<6>[    5.671387] Bluetooth: BNEP filters: protocol multicast
<6>[    5.676484] Bluetooth: HIDP (Human Interface Emulation) ver 1.2
<5>[    5.697085] Registering the dns_resolver key type
<6>[    5.700900] VFP support v0.3: implementor 51 architecture 64 part 4d variant 0 rev 0
<5>[    5.716893] Registering SWP/SWPB emulation handler
<4>[    5.745521] ------------[ cut here ]------------
<4>[    5.749397] WARNING: at /Volumes/data/hudson/workspace/platform_vanquish_qcom-8960-bringup_linux_continuous/platform/kernel/arch/arm/mach-msm/clock-local.c:392 __branch_clk_disable_reg+0xe0/0xf8()
<4>[    5.766824] codec_i2s_spkr_bit_clk status stuck at 'on'
<4>[    5.771860] Modules linked in:
<4>[    5.774973] [<c010c3f4>] (unwind_backtrace+0x0/0x12c) from [<c01676d0>] (warn_slowpath_common+0x4c/0x64)
<4>[    5.784526] [<c01676d0>] (warn_slowpath_common+0x4c/0x64) from [<c0167768>] (warn_slowpath_fmt+0x2c/0x3c)
<4>[    5.794079] [<c0167768>] (warn_slowpath_fmt+0x2c/0x3c) from [<c0147378>] (__branch_clk_disable_reg+0xe0/0xf8)
<4>[    5.803967] [<c0147378>] (__branch_clk_disable_reg+0xe0/0xf8) from [<c01473b4>] (cdiv_clk_disable+0x24/0x38)
<4>[    5.813673] [<c01473b4>] (cdiv_clk_disable+0x24/0x38) from [<c0010150>] (clock_late_init+0x7c/0xf4)
<4>[    5.822829] [<c0010150>] (clock_late_init+0x7c/0xf4) from [<c01004d0>] (do_one_initcall+0x94/0x164)
<4>[    5.831832] [<c01004d0>] (do_one_initcall+0x94/0x164) from [<c0008360>] (kernel_init+0x8c/0x134)
<4>[    5.840592] [<c0008360>] (kernel_init+0x8c/0x134) from [<c0106f00>] (kernel_thread_exit+0x0/0x8)
<4>[    5.849381] ---[ end trace 7502315fbeb9cf47 ]---
<6>[    5.891896] clock_late_init() disabled 175 unused clocks
<6>[    5.944330] EMU-det(request_gpios): requesting gpio[0] EMU_SCI_OUT_GPIO-90
<6>[    5.956905] EMU-det(request_gpios): gpio 90 has init function
<6>[    5.961849] EMU-det(request_gpios): gpio 90 is IN
<6>[    5.966427] EMU-det(request_gpios): requesting gpio[1] EMU_ID_EN_GPIO-204
<6>[    5.975278] MSM Watchdog Initialized
<6>[    5.977994] EMU-det(request_gpios): gpio 204 has init function
<6>[    5.983763] EMU-det(request_gpios): gpio 204 is IN
<6>[    5.996917] EMU-det(request_gpios): requesting gpio[2] EMU_MUX_CTRL0_GPIO-107
<6>[    6.003143] EMU-det(request_gpios): gpio 107 has init function
<6>[    6.010041] EMU-det(request_gpios): gpio 107 is OUT
<6>[    6.014008] EMU-det(request_gpios): gpio 107 value set to 1
<6>[    6.019716] EMU-det(request_gpios): requesting gpio[3] EMU_MUX_CTRL1_GPIO-96
<6>[    6.026705] EMU-det(request_gpios): gpio 96 has init function
<6>[    6.046909] EMU-det(request_gpios): gpio 96 is OUT
<6>[    6.050785] EMU-det(request_gpios): gpio 96 value set to 0
<6>[    6.056371] EMU-det(request_gpios): requesting gpio[6] SEMU_PPD_DET_GPIO-186
<6>[    6.076941] EMU-det(request_gpios): gpio 186 has init function
<6>[    6.081855] EMU-det(request_gpios): gpio 186 is IN
<6>[    6.086738] EMU-det(request_gpios): requesting gpio[7] SEMU_ALT_MODE_EN_GPIO-168
<6>[    6.096963] EMU-det(request_gpios): gpio 168 has init function
<6>[    6.101999] EMU-det(request_gpios): requesting gpio[8] EMU_ID_GPIO-205
<6>[    6.103280] MMI Battery EEPROM Read 192 Bytes
<6>[    6.103280] MMI Battery EEPROM Page 2 Checksum = 0
<6>[    6.103311] MMI Battery EEPROM Page 3 Checksum = 0
<6>[    6.103311] MMI Battery EEPROM Copyright Valid = 0
<6>[    6.127147] EMU-det(request_gpios): gpio 205 has init function
<6>[    6.132855] EMU-det(emu_det_probe): done with gpios
<6>[    6.138440] EMU-det(request_irqs): requesting irq[0] SEMU_PPD_DET_IRQ-666
<6>[    6.144666] EMU-det(request_irqs): requesting irq[1] EMU_SCI_OUT_IRQ-378
<6>[    6.151442] EMU-det(request_irqs): requesting irq[2] PHY_USB_IRQ-132
<6>[    6.157668] EMU-det(emu_det_probe): done with irqs
<6>[    6.162276] EMU-det(emu_det_probe): registered callback with PM8921
<6>[    6.169449] EMU-det(emu_det_probe): EMU detection driver started
<6>[    6.174820] rtc-pm8xxx rtc-pm8xxx: setting system clock to 1970-01-02 01:03:10 UTC (90190)
<6>[    6.463360] MMI Battery EEPROM Read 192 Bytes
<6>[    6.466809] MMI Battery EEPROM Page 2 Checksum = 0
<6>[    6.471722] MMI Battery EEPROM Page 3 Checksum = 0
<6>[    6.476361] MMI Battery EEPROM Copyright Valid = 1
<6>[    6.481275] MMI Battery Full Capacity 0xAF
<6>[    6.485212] MMI Battery Peak Voltage 0xB9
<6>[    6.489211] MMI Battery DC Impedance 0x6D
<6>[    6.687532] Battery Match Found: 1
<6>[    6.693544] pm8921_bms_probe: OK battery_capacity_at_boot=95 volt = 3910329 ocv = 4290807
<6>[    6.707797] pm8xxx_led_set: led:battery_charging 0
<6>[    6.711704] pm8xxx_led_set: led:battery_full 0
<6>[    6.720311] EMU-det(emu_det_vbus_state): PM8921 USBIN callback: out
<6>[    6.730627] Battery Match Found: 1
<6>[    6.735663] Freeing init memory: 312K
<4>[    6.746955] init (1): /proc/1/oom_adj is deprecated, please use /proc/1/oom_score_adj instead.
<6>[    6.767282] EMU-det(detection_work): state CONFIG, time since last run -293230 ms
<6>[    6.798107] msm_otg msm_otg: phy_reset: success
<6>[    6.907584] EMU-det(phy_block_on): PHY on
<6>[    6.910819] EMU-det(otgsc_setup): OTGSC enable, clear mask 0x001e0000
<6>[    6.917106] EMU-det(chgdet_setup): DP/DM source/sink enable: CHG_DET_CTRL 0x03
<6>[    6.924553] EMU-det(chgdet_setup): ALT_CGHDET enable: ALT_INT_EN 0x02
<6>[    6.930962] EMU-det(alt_mode_setup): SEMU_ALT_MODE_EN is standard
<6>[    6.937341] EMU-det(detection_work): state SAMPLE_2, time since last run 170 ms
<6>[    6.944239] EMU-det(get_sense): SEMU_PPD_DET indicates ID  floating
<6>[    6.950465] EMU-det(get_sense): EMU_SCI_OUT indicates ID not grounded
<6>[    6.956905] EMU-det(get_sense): irq=0, otgsc: 0x1e201120, portsc: 0x8c000004
<6>[    6.965023] EMU-det(adc_vbus_get): vbus=58028 uV
<6>[    6.969967] EMU-det(adc_emu_id_get): emu_id=2494272 uV
<6>[    6.974271] EMU-det(get_sense): B_SESSEND, FLOAT, 
<6>[    6.979124] EMU-det(chgdet_setup): DP/DM source/sink disable: CHG_DET_CTRL 0x00
<6>[    6.986326] EMU-det(chgdet_setup): ALT_CGHDET disable: ALT_INT_EN 0x00
<6>[    6.992949] EMU-det(detection_work): SAMPLE_2 keep waiting ...
<6>[    6.998809] EMU-det(detection_work): state SAMPLE_2, time since last run 60 ms
<6>[    7.005798] EMU-det(get_sense): SEMU_PPD_DET indicates ID  floating
<6>[    7.012269] EMU-det(get_sense): EMU_SCI_OUT indicates ID not grounded
<6>[    7.018495] EMU-det(get_sense): irq=0, otgsc: 0x1e201120, portsc: 0x8c000004
<6>[    7.026796] EMU-det(adc_vbus_get): vbus=58788 uV
<6>[    7.031588] EMU-det(adc_emu_id_get): emu_id=2475375 uV
<6>[    7.036014] EMU-det(get_sense): B_SESSEND, FLOAT, 
<6>[    7.040683] EMU-det(chgdet_setup): DP/DM source/sink disable: CHG_DET_CTRL 0x00
<6>[    7.048100] EMU-det(chgdet_setup): ALT_CGHDET disable: ALT_INT_EN 0x00
<6>[    7.054417] EMU-det(detection_work): state IDENTIFY, time since last run 50 ms
<6>[    7.061834] EMU-det(get_sense): SEMU_PPD_DET indicates ID  floating
<6>[    7.067999] EMU-det(get_sense): EMU_SCI_OUT indicates ID not grounded
<6>[    7.074347] EMU-det(get_sense): irq=0, otgsc: 0x1e201120, portsc: 0x8c000004
<6>[    7.082557] EMU-det(adc_vbus_get): vbus=59552 uV
<6>[    7.087440] EMU-det(adc_emu_id_get): emu_id=2475663 uV
<6>[    7.091774] EMU-det(get_sense): B_SESSEND, FLOAT, 
<6>[    7.096505] EMU-det(detection_work): no accessory
<6>[    7.101175] EMU-det(notify_accy): EMU detection Notify: NONE
<6>[    7.106973] msm_otg_accy_notify called for 0 event
<6>[    7.111582] msm_otg_accy_notify: current state: 1	requested mode: 0
<6>[    7.118083] EMU-det(alt_mode_setup): SEMU_ALT_MODE_EN is standard
<6>[    7.124004] EMU-det(emu_id_protection_setup): state is the same as requested
<6>[    7.131023] pm8921_chg_accy_notify: pm8921_chg_accy_notify: accy_state: 7
<6>[    7.137952] pm8xxx_led_set: led:battery_charging 0
<6>[    7.142530] pm8xxx_led_set: led:battery_full 0
<6>[    7.147382] EMU-det(notify_whisper_switch): whisper switch set to UNDOCKED
<6>[    7.159438] msm_otg msm_otg: USB in low power mode
<3>[    7.308103] init: cannot open '/initlogo.rle'
<6>[    7.380161] EXT4-fs (mmcblk0p23): mounted filesystem with ordered data mode. Opts: barrier=1
<4>[    7.570792] EXT4-fs (mmcblk0p25): warning: mounting fs with errors, running e2fsck is recommended
<6>[    7.580955] EXT4-fs (mmcblk0p25): mounted filesystem with ordered data mode. Opts: (null)
<4>[    7.646970] EXT4-fs (mmcblk0p25): warning: mounting fs with errors, running e2fsck is recommended
<6>[    7.657103] EXT4-fs (mmcblk0p25): mounted filesystem with ordered data mode. Opts: noauto_da_alloc
<6>[    7.670715] EXT4-fs (mmcblk0p26): mounted filesystem with ordered data mode. Opts: barrier=1
<6>[    7.686555] EXT4-fs (mmcblk0p27): mounted filesystem with ordered data mode. Opts: barrier=1
<6>[    7.702731] EXT4-fs (mmcblk0p28): mounted filesystem with ordered data mode. Opts: barrier=1
<3>[    8.577598] init: cannot find '/system/etc/install-recovery.sh', disabling 'flash_recovery'
<6>[    8.675751] warning: `batt_health' uses 32-bit capabilities (legacy support in use)
<3>[    9.079108] android_usb: already disabled
<6>[    9.084388] mtp_bind_config
<6>[    9.086983] adb_bind_config
<6>[    9.223439] adb_open
<6>[    9.411597] wcnss_wlan triggered by userspace
<3>[    9.611353] init: cannot find '/system/bin/quipc_igsn', disabling 'quipc_igsn'
<3>[    9.626613] init: cannot find '/system/bin/quipc_main', disabling 'quipc_main'
<6>[    9.912650] pil_riva pil_riva: brought out of reset
<6>[   10.426522] wcnss_wlan_ctrl_probe: SMD ctrl channel up
<6>[   10.677826] pil_qdsp6v4 pil_qdsp6v4.0: brought out of reset
<6>[   10.724584] mdp4_overlay_pipe_alloc: pipe=c0c8ec70 ndx=3 num=2
<6>[   10.748115] apr_tal:Q6 Is Up
<6>[   10.860674] platform pil_dsps.0: brought out of reset
<6>[   11.103036] acdb_open
<3>[   11.104440] acdb_mmap: PMEM is not allocated, yet!
<3>[   11.206378] msm_slim_ctrl msm_slim_ctrl.1: Slim-dev:3 report inf element:0x400
<3>[   11.214161] msm_slim_ctrl msm_slim_ctrl.1: offset:0x0:bit mask:8
<3>[   11.236838] msm_slim_ctrl msm_slim_ctrl.1: Slim-dev:3 report inf element:0x400
<6>[   11.251304] apr_tal: SMD_EVENT_OPEN
<3>[   11.252433] msm_slim_ctrl msm_slim_ctrl.1: offset:0x0:bit mask:a
<6>[   11.697207] pil_qdsp6v4 pil_qdsp6v4.1: brought out of reset
<6>[   13.650785] motsoc1_power_on (81c0)
<6>[   13.653380] motsoc1_regulator_on: 8921_l8 2700000
<6>[   13.659423] motsoc1_regulator_on: 8921_l12 1200000
<6>[   13.664001] motsoc1_regulator_on: 8921_l29 1800000
<6>[   13.668426] motsoc1: enable ISP_CORE_EN
<6>[   13.671967] motsoc1: enable CAM1_REG_EN
<6>[   13.678528] motsoc1: toggle reset
<6>[   13.748847] motsoc1 power on complete
<6>[   13.956996] motsoc1_sensor_config: cfgtype = 32
<6>[   13.961941] motsoc1_sensor_config: cfgtype = 29
<6>[   14.019075] msm_enqueue: queue control new max is 1
<3>[   14.840958] qup_i2c qup_i2c.4: QUP: I2C status flags :0x1300c8, irq:185
<3>[   14.846696] qup_i2c qup_i2c.4: I2C slave addr:0x1f not connected
<3>[   14.894613] qup_i2c qup_i2c.4: QUP: I2C status flags :0x1300c8, irq:185
<3>[   14.900442] qup_i2c qup_i2c.4: I2C slave addr:0x1f not connected
<6>[   14.943598] motsoc1_power_off
<6>[   14.945704] motsoc1_regulator_off: 2.7
<6>[   14.959438] motsoc1_regulator_off: 1.2
<6>[   14.962887] motsoc1_regulator_off: 1.8
<6>[   18.568594] pil_qdsp6v4 pil_qdsp6v4.2: brought out of reset
<3>[   18.573691] smd_pkt_open: DATA5_CNTL open failed -19
<3>[   19.083656] smd_pkt_open: DATA5_CNTL open failed -19
<3>[   19.593316] smd_pkt_open: DATA5_CNTL open failed -19
<3>[   19.755959] Notify: smsm init
<6>[   19.758095] _smem_log_init: no static log or log_idx allocated
<6>[   19.765664] _smem_log_init: no power log or log_idx allocated
<3>[   20.102060] smd_pkt_open: DATA5_CNTL open failed -19
<6>[   20.438852] wcnss_post_bootup: Cancel APPS vote for Iris & Riva
<3>[   20.611353] smd_pkt_open: DATA5_CNTL open failed -19
<3>[   21.122844] smd_pkt_open: DATA5_CNTL open failed -19
<6>[   21.370517] request_suspend_state: wakeup (3->0) at 21361787222 (1970-01-03 01:02:52.065036774 UTC)
<3>[   21.633175] smd_pkt_open: DATA5_CNTL open failed -19
<6>[   21.805646] apr_tal: SMD_EVENT_OPEN
<6>[   21.824660] acc_open
<6>[   21.826064] acc_release
<3>[   22.144971] smd_pkt_open: DATA5_CNTL open failed -19
<6>[   22.276423] Bluetooth: opening HCI-SMD channel :APPS_RIVA_BT_ACL
<6>[   22.281641] Bluetooth: opening HCI-SMD channel :APPS_RIVA_BT_CMD
<3>[   22.657500] smd_pkt_open: DATA5_CNTL open failed -19
<6>[   22.883229] apr_tal:Modem Is Up
<6>[   22.899404] sps:REVISION of BAM 0xda744000 is 0x3.
<3>[   23.176926] smd_pkt_open: DATA5_CNTL open failed -19
<3>[   23.711216] smd_pkt_open: DATA5_CNTL open failed -19
<6>[   24.080726] mdp4_free_writeback_buf:2513 free writeback imem
<6>[   24.085487] mdp4_overlay_pipe_free: pipe=c0c8ec70 ndx=3
<3>[   24.231649] smd_pkt_open: DATA5_CNTL open failed -19
<6>[   24.523210] pn544_dev_open : 10,31
<6>[   24.526384] pn544_control_func called value in ioctl is = 1
<3>[   24.759224] smd_pkt_open: DATA5_CNTL open failed -19
<3>[   24.843613] handle_bam_mux_cmd: dropping invalid LCID 10 reserved 0 cmd 4 pad 0 ch 10 len 0
<3>[   24.857988] handle_bam_mux_cmd: dropping invalid LCID 11 reserved 0 cmd 4 pad 0 ch 11 len 0
<3>[   26.241507] init: sys_prop: permission denied uid:1001  name:ro.telephony.call_ring.multiple
<6>[   26.549671] pn544_dev_ioctl : normal power on
<6>[   26.638974] pn544_control_func called value in ioctl is = 0
<6>[   26.643705] pn544_dev_ioctl : power off
<6>[   26.729009] pn544_control_func called value in ioctl is = 1
<3>[   27.288783] hci_cmd_timer: hci0 command tx timeout
<6>[   28.738806] pn544_dev_ioctl : normal power on
<6>[   29.174271] pm8xxx_rgb_led_set: red, 255
<6>[   29.190141] hdmi_msm hdmi_msm.1: hdmi_msm_hpd_feature: 1
<6>[   29.194445] pm8xxx_rgb_led_set: green, 255
<6>[   29.194750] pm8xxx_rgb_led_set: blue, 255
<6>[   29.195025] pm8xxx_rgb_blink_store: on/off=1000/1000, rup=0, rdown=0
<6>[   29.582969] pm8xxx_rgb_led_set: red, 0
<6>[   29.586204] pm8xxx_rgb_led_set: green, 0
<6>[   29.590660] pm8xxx_rgb_led_set: blue, 0
<6>[   29.593926] pm8xxx_rgb_blink_store: on/off=0/0, rup=0, rdown=0
<6>[   29.617488] pm8xxx_rgb_blink_set: turning blinking off
<6>[   30.209186] hdmi_msm hdmi_msm.1: HDMI HPD: event detected
<6>[   30.213703] hdmi_msm hdmi_msm.1: HDMI HPD: QDSP OFF
<6>[   30.233023] hdmi_msm hdmi_msm.1: HDMI HPD: sense DISCONNECTED: send OFFLINE
<6>[   50.907157] request_suspend_state: sleep (0->3) at 50898426928 (1970-01-03 01:03:21.601645959 UTC)
<6>[   50.988829] panel_disable is called
<6>[   51.140241] panel_disable completed
<6>[   51.153944] mipi_dsi_panel_power: state : 0
<6>[   51.182450] hdmi_msm hdmi_msm.1: hdmi_msm_hpd_feature: 0
<6>[   89.169235] hdmi_msm hdmi_msm.1: hdmi_msm_hpd_feature: 0
<6>[   89.189653] panel_disable completed
<6>[   89.212391] mipi_dsi_panel_power: state : 0
<3>[   89.220296] qup_i2c qup_i2c.10: QUP: I2C status flags :0x1300c8, irq:224
<3>[   89.226094] qup_i2c qup_i2c.10: I2C slave addr:0x28 not connected
<6>[   89.669037] afe_port_start_nowait: 16384 48000
<6>[   92.855669] adm_close port_id=16384 index 15
<6>[   92.864886] afe_close: port_id=16384
<4>[   92.985411] Freezing user space processes ... 
<6>[   92.987456] process 1491 (WindowManager) no longer affine to cpu1
<4>[   93.020021] (elapsed 0.03 seconds) done.
<4>[   93.269616] Freezing remaining freezable tasks ... (elapsed 0.01 seconds) done.
<4>[   93.295681] Suspending console(s) (use no_console_suspend to debug)
<6>[   93.341339] PM: suspend of devices complete after 23.622 msecs
<6>[   93.349214] PM: late suspend of devices complete after 7.813 msecs
<4>[   93.349244] Disabling non-boot CPUs ...
<6>[   93.349916] msm_pm_enter
<6>[   93.349916] msm_pm_enter: power collapse
<6>[   93.349916] msm_mpm_irqs_detectable: cannot monitor 000000,00000000,00000000,00000000,00000000,00000000,00020000,00000000,00000000,00000000,00000000,00000000,00000000,00000000
<6>[   93.349916] suspend average current drain: 48.350(mA) @25067541584 ns
<6>[   93.349916] msm_pm_enter: return
<6>[   93.357149] PM: early resume of devices complete after 7.019 msecs
<6>[   93.359255] wakeup wake lock: alarm_rtc
<6>[   93.815595] PM: resume of devices complete after 455.840 msecs
<4>[   93.889058] Restarting tasks ... done.
<6>[   93.960903] suspend: exit suspend, ret = 0 (1970-01-03 01:04:35.474295066 UTC)
<4>[   94.083076] Freezing user space processes ... (elapsed 0.03 seconds) done.
<4>[   94.122600] Freezing remaining freezable tasks ... (elapsed 0.01 seconds) done.
<4>[   94.146253] Suspending console(s) (use no_console_suspend to debug)
<6>[   94.195208] PM: suspend of devices complete after 26.235 msecs
<6>[   94.203357] PM: late suspend of devices complete after 8.084 msecs
<4>[   94.203387] Disabling non-boot CPUs ...
<6>[   94.204059] msm_pm_enter
<6>[   94.204059] msm_pm_enter: power collapse
<6>[   94.204059] msm_mpm_irqs_detectable: cannot monitor 000000,00000000,00000000,00000000,00000000,00000000,00020000,00000000,00000000,00000000,00000000,00000000,00000000,00000000
<6>[   94.204059] suspend average current drain: 56.792(mA) @16481001068 ns
<6>[   94.204059] msm_pm_enter: return
<6>[   94.211384] PM: early resume of devices complete after 7.230 msecs
<6>[   94.213367] wakeup wake lock: msm_ipc_router_smd_xprt
<6>[   94.664764] PM: resume of devices complete after 450.777 msecs
<4>[   94.737677] Restarting tasks ... done.
<6>[   94.801434] suspend: exit suspend, ret = 0 (1970-01-03 01:04:52.139651541 UTC)
<4>[   94.828414] Freezing user space processes ... (elapsed 0.24 seconds) done.
<4>[   95.093056] Freezing remaining freezable tasks ... (elapsed 0.01 seconds) done.
<4>[   95.116862] Suspending console(s) (use no_console_suspend to debug)
<6>[   95.165511] PM: suspend of devices complete after 26.515 msecs
<6>[   95.173691] PM: late suspend of devices complete after 8.116 msecs
<4>[   95.173721] Disabling non-boot CPUs ...
<6>[   95.174393] msm_pm_enter
<6>[   95.174393] msm_pm_enter: power collapse
<6>[   95.174393] msm_mpm_irqs_detectable: cannot monitor 000000,00000000,00000000,00000000,00000000,00000000,00020000,00000000,00000000,00000000,00000000,00000000,00000000,00000000
<6>[   95.174393] suspend average current drain: 49.5(mA) @7693117656 ns
<6>[   95.174393] msm_pm_enter: return
<6>[   95.181718] PM: early resume of devices complete after 7.231 msecs
<6>[   95.183854] wakeup wake lock: alarm_rtc
<6>[   95.644773] PM: resume of devices complete after 460.511 msecs
<4>[   95.716496] Restarting tasks ... done.
<6>[   95.762826] suspend: exit suspend, ret = 0 (1970-01-03 01:05:01.121107954 UTC)
<6>[   96.047306] pm8xxx_rgb_led_set: red, 0
<6>[   96.050877] pm8xxx_rgb_led_set: green, 255
<6>[   96.084205] pm8xxx_rgb_led_set: blue, 0
<6>[   96.119945] pm8xxx_rgb_blink_store: on/off=500/2000, rup=0, rdown=0
<6>[   96.483412] afe_port_start_nowait: 16384 48000
<6>[   96.492507] pm8xxx_rgb_led_set: red, 0
<6>[   96.495620] pm8xxx_rgb_led_set: green, 0
<3>[   96.498763] qup_i2c qup_i2c.10: QUP: I2C status flags :0x1300c8, irq:224
<3>[   96.499069] qup_i2c qup_i2c.10: I2C slave addr:0x28 not connected
<6>[   96.518083] pm8xxx_rgb_led_set: blue, 0
<6>[   96.523058] pm8xxx_rgb_blink_store: on/off=0/0, rup=0, rdown=0
<6>[   96.529162] pm8xxx_rgb_blink_set: turning blinking off
<6>[   96.649412] request_suspend_state: wakeup (3->0) at 96638127166 (1970-01-03 01:05:02.007243385 UTC)
<6>[   96.681855] mipi_dsi_panel_power: state : 1
<6>[   96.696658] hdmi_msm hdmi_msm.1: hdmi_msm_hpd_feature: 1
<6>[   96.878284] panel_enable is called
<6>[   97.276575] panel_enable completed
<6>[   97.701541] hdmi_msm hdmi_msm.1: HDMI HPD: event detected
<6>[   97.706455] hdmi_msm hdmi_msm.1: HDMI HPD: QDSP OFF
<6>[   97.721013] hdmi_msm hdmi_msm.1: HDMI HPD: sense DISCONNECTED: send OFFLINE
<6>[  106.179856] request_suspend_state: sleep (0->3) at 106168404524 (1970-01-03 01:05:11.537520743 UTC)
<6>[  106.207172] adm_close port_id=16384 index 15
<6>[  106.215748] afe_close: port_id=16384
<6>[  106.305600] panel_disable is called
<6>[  106.451548] panel_disable completed
<6>[  106.459911] mipi_dsi_panel_power: state : 0
<6>[  106.494002] hdmi_msm hdmi_msm.1: hdmi_msm_hpd_feature: 0
<3>[  106.537707] qup_i2c qup_i2c.10: QUP: I2C status flags :0x1300c8, irq:224
<3>[  106.543628] qup_i2c qup_i2c.10: I2C slave addr:0x28 not connected
<6>[  106.757790] afe_port_start_nowait: 16384 48000
<6>[  109.958675] adm_close port_id=16384 index 15
<6>[  109.967617] afe_close: port_id=16384
<4>[  110.086738] Freezing user space processes ... (elapsed 0.03 seconds) done.
<4>[  110.375186] Freezing remaining freezable tasks ... (elapsed 0.01 seconds) done.
<4>[  110.397710] Suspending console(s) (use no_console_suspend to debug)
<6>[  110.445627] PM: suspend of devices complete after 25.667 msecs
<6>[  110.453776] PM: late suspend of devices complete after 8.148 msecs
<4>[  110.453837] Disabling non-boot CPUs ...
<6>[  110.454509] msm_pm_enter
<6>[  110.454509] msm_pm_enter: power collapse
<6>[  110.454509] msm_mpm_irqs_detectable: cannot monitor 000000,00000000,00000000,00000000,00000000,00000000,00020000,00000000,00000000,00000000,00000000,00000000,00000000,00000000
<6>[  110.454509] suspend average current drain: 50.56(mA) @9729345338 ns
<6>[  110.454509] msm_pm_enter: return
<6>[  110.461803] PM: early resume of devices complete after 7.172 msecs
<6>[  110.464092] wakeup wake lock: event0-412
<6>[  110.915122] PM: resume of devices complete after 450.417 msecs
<4>[  110.988188] Restarting tasks ... done.
<6>[  111.040317] suspend: exit suspend, ret = 0 (1970-01-03 01:05:26.448298667 UTC)
<4>[  111.067572] Freezing user space processes ... (elapsed 0.03 seconds) done.
<4>[  111.104867] Freezing remaining freezable tasks ... (elapsed 0.01 seconds) done.
<4>[  111.128155] Suspending console(s) (use no_console_suspend to debug)
<6>[  111.180344] PM: suspend of devices complete after 29.800 msecs
<6>[  111.188585] PM: late suspend of devices complete after 8.174 msecs
<4>[  111.188615] Disabling non-boot CPUs ...
<6>[  111.189287] msm_pm_enter
<6>[  111.189287] msm_pm_enter: power collapse
<6>[  111.189287] msm_mpm_irqs_detectable: cannot monitor 000000,00000000,00000000,00000000,00000000,00000000,00020000,00000000,00000000,00000000,00000000,00000000,00000000,00000000
<6>[  111.189287] suspend average current drain: 49.79(mA) @9719243095 ns
<6>[  111.189287] msm_pm_enter: return
<6>[  111.196581] PM: early resume of devices complete after 7.198 msecs
<6>[  111.198840] wakeup wake lock: event0-412
<6>[  111.646390] PM: resume of devices complete after 446.964 msecs
<4>[  111.718083] Restarting tasks ... done.
<6>[  111.783030] suspend: exit suspend, ret = 0 (1970-01-03 01:05:36.139590058 UTC)
<4>[  111.878986] Freezing user space processes ... (elapsed 0.03 seconds) done.
<4>[  112.174179] Freezing remaining freezable tasks ... (elapsed 0.01 seconds) done.
<4>[  112.198718] Suspending console(s) (use no_console_suspend to debug)
<6>[  112.249656] PM: suspend of devices complete after 28.794 msecs
<6>[  112.257897] PM: late suspend of devices complete after 8.174 msecs
<4>[  112.257927] Disabling non-boot CPUs ...
<6>[  112.258599] msm_pm_enter
<6>[  112.258599] msm_pm_enter: power collapse
<6>[  112.258599] msm_mpm_irqs_detectable: cannot monitor 000000,00000000,00000000,00000000,00000000,00000000,00020000,00000000,00000000,00000000,00000000,00000000,00000000,00000000
<6>[  112.258599] suspend average current drain: 49.780(mA) @5464916832 ns
<6>[  112.258599] msm_pm_enter: return
<6>[  112.265862] PM: early resume of devices complete after 7.168 msecs
<6>[  112.267999] wakeup wake lock: alarm_rtc
<6>[  112.718846] PM: resume of devices complete after 450.442 msecs
<4>[  112.790569] Restarting tasks ... done.
<6>[  112.849259] suspend: exit suspend, ret = 0 (1970-01-03 01:05:43.133459691 UTC)
